sulfochenodeoxycholate
tauroursodeoxycholate
trans-3-cis-5,8,11,14-eicosapentaenoyl-CoA
hepoxilin A3-c
heptadecenoylcarnitine(7)
heptadecenoylcarnitine(8)
hexadecenoylcarnitine(9)
lipoyllysine
octadecenoylcarnitine(11)
octadecenoylcarnitine(5)
omega-COOH-tetranor-LTE3
oxo-xanthurenate
salsoline-1-carboxylate
S-glutathionyl-2-4-dinitrobenzene
S-glutathionyl-ethacrynic acid
tetradecenoylcarnitine(5)
tetradecenoylcarnitine(7)
tetradecenoylcarnitine(9)
maltodecaose
sphingosylphosphorylcholine
5-S-glutathionyl-dopachrome hydroquinone
5-S-glutathionyl-dopamine
5-S-glutathionyl-L-dopa
5-S-glutathionyl-noradrenochrome hydroquinone
bile-PC pool
cofactors and vitamins
docosahexaenoylcarnitine
docosenoylcarnitine(11)
docosenoylcarnitine
eicosenoylcarnitine(11)
eicosenoylcarnitine(7)
eicosenoylcarnitine(9)
estrone-2,3-semiquinone
gamma-glutamylglutathione
gamma-L-glutamyl-L-alpha-aminobutyrate
glutathionyl-3-hydroxykynurenine glucoside
glutathionyl-leukotriene C4
homocysteine-thiolactone
hypothiocyanite
chitin-component
beta-carotene
10,11-dihydro-12-epi-LTB4
10,11-dihydro-12-epi-LTB4
10,11-dihydro-12-epi-LTB4
10,11-dihydro-12-oxo-LTB4
10,11-dihydro-12-oxo-LTB4
10,11-dihydro-12-oxo-LTB4
10,11-dihydro-12R-hydroxy-LTC4
10,11-dihydro-12R-hydroxy-LTC4
10,11-dihydro-12R-hydroxy-LTC4
10,11-dihydro-20-dihydroxy-LTB4
10,11-dihydro-20-trihydroxy-LTB4
10,11-dihydro-20-trihydroxy-LTB4
10,11-dihydro-LTB4
10,11-dihydro-LTB4-CoA
10,11-dihydro-LTB4-CoA
10,11-dihydro-LTB4-CoA
10,11-dihydro-LTB4-CoA
10,11-dihydro-LTB4
10,11-dihydro-LTB4
10,11-dihydro-LTB4
10,11-epoxy-(4Z,7Z)-hexadecadienoic acid
10,13,16,19-docosatetraenoic acid
10,13,16,19-docosatetraenoic acid
10,13,16,19-docosatetraenoylcarnitine
10,13,16,19-docosatetraenoylcarnitine
10,13,16,19-docosatetraenoylcarnitine
10,13,16,19-docosatetraenoyl-CoA
10,13,16,19-docosatetraenoyl-CoA
10,13,16,19-docosatetraenoyl-CoA
10,13,16-docosatrienoylcarnitine
10,13,16-docosatrienoylcarnitine
10,13,16-docosatrienoylcarnitine
10,13,16-docosatrienoyl-CoA
10,13,16-docosatrienoyl-CoA
10,13,16-docosatrienoyl-CoA
10,13,16-docosatriynoic acid
10,13,16-docosatriynoic acid
10-HETE
10-HETE
10-hydroxy-octadec-(12Z)-enoate-9-beta-D-glucuronide
10-hydroxy-octadec-(12Z)-enoate-9-beta-D-glucuronide
(10Z)-heptadecenoic acid
(10Z)-heptadecenoic acid
(10Z)-heptadecenoyl-CoA
(10Z)-heptadecenoyl-CoA
(10Z)-heptadecenoyl-CoA
11,12,15-THETA
11,14,15-THETA
11-carboxy-alpha-chromanol
11-carboxy-alpha-tocotrienol
11-carboxy-gamma-chromanol
11-carboxy-gamma-tocotrienol
11h-14,15-EETA
11-HETE
(11Z,14Z,17Z)-eicosatrienoylcarnitine
(11Z,14Z,17Z)-eicosatrienoylcarnitine
(11Z,14Z,17Z)-eicosatrienoylcarnitine
(11Z)-docosenoyl-CoA
(11Z)-docosenoyl-CoA
(11Z)-docosenoyl-CoA
(11Z)-eicosenoyl-CoA
(11Z)-eicosenoyl-CoA
(11Z)-eicosenoyl-CoA
(11Z)-eicosenoyl-CoA
12,13-epoxy-(6Z,9Z)-octadecadienoic acid
12,13-hydroxyoctadec-9(z)-enoate
12,13-hydroxyoctadec-9(z)-enoate
12,15,18,21-tetracosatetraenoic acid
12,15,18,21-tetracosatetraenoic acid
12,15,18,21-tetracosatetraenoylcarnitine
12,15,18,21-tetracosatetraenoylcarnitine
12,15,18,21-tetracosatetraenoyl-CoA
12,15,18,21-tetracosatetraenoyl-CoA
12,20-dioxo-LTB4
(alpha-D-Glucosyl)-(alpha-D-mannosyl)8-beta-D-mannosyl-diacetylchitobiosyl-L-asparagine (protein)
12-hydroperoxyeicosatetraenoate-glyceryl-ester
12-hydroxy-13-O-D-glucuronoside-octadec-(9Z)-enoate
12-hydroxy-13-O-D-glucuronoside-octadec-(9Z)-enoate
12-hydroxy-arachidonate
12-keto-LTB4
12-keto-LTB4
12-keto-LTB4
12-keto-LTB4
12-O-D-glucuronoside-13-hydroxyoctadec-(9Z)-enoate
12-O-D-glucuronoside-13-hydroxyoctadec-(9Z)-enoate
12-oxo-10,11-dihydro-20-COOH-LTB4
12-oxo-20-carboxy-LTB4
12-oxo-20-dihydroxy-LTB4
12-oxo-20-hydroxy-LTB4
12-oxo-20-trihydroxy-LTB4
12-oxo-c-LTB3
12-oxo-c-LTB3
12-oxo-c-LTB3
12-oxo-c-LTB3
13,16,19-docosatrienoylcarnitine
13,16,19-docosatrienoylcarnitine
13,16,19-docosatrienoylcarnitine
13,16,19-docosatrienoyl-CoA
13,16,19-docosatrienoyl-CoA
13,16,19-docosatrienoyl-CoA
13-carboxy-alpha-tocopherol
13-carboxy-alpha-tocopherol
13-carboxy-alpha-tocotrienol
13-carboxy-alpha-tocotrienol
13-carboxy-gamma-tocopherol
13-carboxy-gamma-tocopherol
13-carboxy-gamma-tocotrienol
13-carboxy-gamma-tocotrienol
13-HETE
(13Z,16Z)-docosadienoylcarnitine
(13Z,16Z)-docosadienoylcarnitine
(13Z,16Z)-docosadienoylcarnitine
(13Z)-eicosenoic acid
(13Z)-eicosenoic acid
(13Z)-eicosenoyl-CoA
(13Z)-eicosenoyl-CoA
(13Z)-eicosenoyl-CoA
(13Z)-eicosenoyl-CoA
(13Z)-octadecenoic acid
(13Z)-octadecenoic acid
(13Z)-octadecenoyl-CoA
(13Z)-octadecenoyl-CoA
(13Z)-octadecenoyl-CoA
15-epi-lipoxin A4
15-epi-lipoxin A4
15-epi-lipoxin A4
15-epi-lipoxin A5
15-epi-lipoxin B4
15-epi-lipoxin B5
15-epi-lipoxin B5
15H-11,12-EETA
15-oxoETE
15(R)-HEPE
15(R)-HEPE
15(R)-HETE
15(R)-HETE
15(R)-HETE
15(R)-HpEPE
15(R)-HpEPE
15(R)-HpEPE
15(S)-HEPE
15(S)-HETE
15(S)-HpEPE
(15Z)-tetracosenoylcarnitine
(15Z)-tetracosenoylcarnitine
16,18-oxo-18-CoA-dinor-LTE4
16e-18-oxo-18-CoA-dinor-LTE4
16(R)-HETE
16(S)-hydroxy-18-oxo-18-CoA-LTE4
17beta-estradiol-2,3-quinone
17beta-estradiol-2,3-quinone
17beta-estradiol-2,3-quinone
17beta-estradiol-2,3-quinone
17beta-estradiol-2,3-semiquinone
17beta-estradiol-3,4-quinone
17beta-estradiol-3,4-quinone
17beta-estradiol-3,4-quinone
17beta-estradiol-3,4-quinone
17beta-estradiol-3,4-semiquinone
17-HETE
18,20-dioxo-20-CoA-LTB4
18,20-dioxo-20-CoA-LTB4
18-CoA-18-oxo-dinor-LTB4
18-CoA-18-oxo-dinor-LTB4
18-COOH-(15E)-dinor-LTE4-CoA
18-COOH-(16E)-dinor-LTE5-CoA
18-COOH-LTE4
(18E)-20-oxo-20-CoA-LTB4
(18E)-20-oxo-20-CoA-LTB4
(18E)-20-oxo-20-CoA-LTE4
18-HETE
18(R)-hydroxy-20-oxo-20-CoA-LTE4
19-hydroxyandrostenedione
19-hydroxytestosterone
19-hydroxytestosterone
19-oxoandrostenedione
19-oxo-testosterone
19(S)-HETE
1-acylglycerol-3P-10,13,16,19-doco
1-acylglycerol-3P-10,13,16-docosa
1-acylglycerol-3P-10-heptade
1-acylglycerol-3P-11,14,17-eico
1-acylglycerol-3P-11,14-eicosa
1-acylglycerol-3P-11-docose
1-acylglycerol-3P-11-eico
1-acylglycerol-3P-12,15,18,21-tetra
1-acylglycerol-3P-13,16,19-doco
1-acylglycerol-3P-13,16-docosa
1-acylglycerol-3P-13-docose
1-acylglycerol-3P-13-eicose
1-acylglycerol-3P-13-octade
1-acylglycerol-3P-15-tetra
1-acylglycerol-3P-4,7,10,13,16,19-doco
1-acylglycerol-3P-4,7,10,13,16-docosa
1-acylglycerol-3P-5,8,11,14,17-eico
1-acylglycerol-3P-5,8,11-eico
1-acylglycerol-3P-5-tetrade
1-acylglycerol-3P-6,9,12,15,18,21-tetra
1-acylglycerol-3P-6,9,12,15,18-tetraco
1-acylglycerol-3P-6,9,12,15-octa
1-acylglycerol-3P-6,9-octa
1-acylglycerol-3P-7,10,13,16,19-docosa
1-acylglycerol-3P-7,10,13,16-docosa
1-acylglycerol-3P-7-hexade
1-acylglycerol-3P-7-octade
1-acylglycerol-3P-7-tetrade
1-acylglycerol-3P-8,11,14,17-eico
1-acylglycerol-3P-8,11-eico
1-acylglycerol-3P-9,12,15,18,21-tetra
1-acylglycerol-3P-9,12,15,18-tetraco
1-acylglycerol-3P-9-eicose
1-acylglycerol-3P-9-heptade
1-acylglycerol-3P-9-octade
1-acylglycerol-3P-9-tetrade
1-acylglycerol-3P-arach
1-acylglycerol-3P-cis-vac
1-acylglycerol-3P-dihomo-gamma
1-acylglycerol-3P-docosa
1-acylglycerol-3P-eico
1-acylglycerol-3P-gamma-lin
1-acylglycerol-3P-heneico
1-acylglycerol-3P-heptade
1-acylglycerol-3P-hexacosa
1-acylglycerol-3P-hexecose
1-acylglycerol-3P-laur
1-acylglycerol-3P-lin
1-acylglycerol-3P-linolen
1-acylglycerol-3P-myrist
1-acylglycerol-3P-nanode
1-acylglycerol-3P-ol
1-acylglycerol-3P-palm
1-acylglycerol-3P-palmn
1-acylglycerol-3P-pentade
1-acylglycerol-3P-stea
1-acylglycerol-3P-tetraco
1-acylglycerol-3P-trico
1-acylglycerol-3P-tridec
1-lyso-2-arachidonoyl-phosphatidate
20-CoA-20-oxo-18r-hydroxy-LTB4
20-CoA-20-oxo-18r-hydroxy-LTB4
20-CoA-20-oxo-LTB4
20-CoA-20-oxo-LTB4
20-CoA-20-oxo-LTB4
20-CoA-20-oxo-LTB4
20-COOH-10,11-dihydro-LTB4
20-COOH-10,11-dihydro-LTB4
20-COOH-10,11-dihydro-LTB4
20-COOH-18-oxo-LTE4-CoA
20-COOH-LTB4
20-COOH-LTB4
20-COOH-LTB4
20-COOH-LTB4
20-COOH-LTE4-CoA
20-COOH-LTE4
20-hydroxy-LTB5
20-OH-10,11-dihydro-LTB4
20-oxo-LTB4
20-oxo-LTB4
20-oxo-LTB4
20-oxo-LTE4
24-hydroxycholesterol
24-oxo-1alpha,23,25-trihydroxyvitamin D3
24-oxo-1alpha,25-dihydroxyvitamin D3
25(R)TetraHCA-CoA
25(R)TetraHCA-CoA
2,6-dimethyl-trans-2-heptenoyl-CoA
27-hydroxycholesterol
27-hydroxycholesterol
(2E,4Z,7Z,10Z)-hexadecatetraenoyl-CoA
(2E,4Z,7Z,10Z)-hexadecatetraenoyl-CoA
(2E,6Z,9Z,12Z)-octadecatetraenoyl-CoA
(2E,6Z,9Z,12Z)-octadecatetraenoyl-CoA
(2E)-docosenoyl-CoA
(2E)-docosenoyl-CoA
(2E)-eicosenoyl-CoA
(2E)-eicosenoyl-CoA
(2E)-heneicosenoyl-CoA
(2E)-heptadecenoyl-[ACP]
(2E)-heptadecenoyl-CoA
(2E)-heptenoyl-[ACP]
(2E)-heptenoyl-CoA
(2E)-hexacosenoyl-CoA
(2E)-nonadecenoyl-CoA
(2E)-nonenoyl-[ACP]
(2E)-nonenoyl-CoA
(2E)-pentadecenoyl-[ACP]
(2E)-pentadecenoyl-CoA
(2E)-pentenoyl-[ACP]
(2E)-pentenoyl-CoA
(2E)-tetracosenoyl-CoA
(2E)-tridecenoyl-[ACP]
(2E)-tridecenoyl-CoA
(2E)-undecenoyl-[ACP]
(2E)-undecenoyl-CoA
2-hydroxy-17beta-estradiol-1-S-glutathione
2-hydroxy-17beta-estradiol-1-S-glutathione
2-hydroxy-17beta-estradiol-1-S-glutathione
2-hydroxy-17beta-estradiol-1-S-glutathione
2-hydroxy-17beta-estradiol-4-S-glutathione
2-hydroxy-17beta-estradiol-4-S-glutathione
2-hydroxy-17beta-estradiol-4-S-glutathione
2-hydroxy-17beta-estradiol-4-S-glutathione
2-hydroxy-3-methoxy-17beta-estradiol
2-hydroxyestrone-1-S-glutathione
2-hydroxyestrone-1-S-glutathione
2-hydroxyestrone-1-S-glutathione
2-hydroxyestrone-1-S-glutathione
2-hydroxyestrone-4-S-glutathione
2-hydroxyestrone-4-S-glutathione
2-hydroxyestrone-4-S-glutathione
2-hydroxyestrone-4-S-glutathione
2-hydroxyphytanoyl-CoA
2-methylglutaconic acid
2-methylglutaconyl-CoA
2(R),6-dimethyl-heptanoyl-CoA
(2R,6R,10R)-trimethyl-hendecanoyl-CoA
(2R,6S,10S)-pristanate
2(S),6-dimethyl-heptanoyl-CoA
(2S,6R,10R)-trimethyl-(2E)-hendecenoyl-CoA
(2S,6R,10R)-trimethyl-hendecanoyl-CoA
2-trans-4-cis-decadienoyl-CoA
2-trans-4-cis-decadienoyl-CoA
2-trans-cis,cis,cis,cis-4,8,11,14-eicosapentaenoyl-CoA
2-trans-cis,cis,cis,cis-4,8,11,14-eicosapentaenoyl-CoA
3,7,24THCA
3,7,24THCA-CoA
3,7,24THCA-CoA
3,7,24THCA
3alpha,7alpha,12alpha,24(S)-tetrahydroxy-5beta-cholestan-27-al
3alpha,7alpha,12alpha,25-tetrahydroxy-5beta-cholestane-24-one
3alpha,7alpha,24(S)-trihydroxy-5beta-cholestan-27-al
3alpha,7alpha-dihydroxy-5beta-cholestan-27-al
3beta,7alpha-dihydroxy-5-cholestenoate
3beta-hydroxy-5-cholestenal
3beta-hydroxy-5-cholestene-27-oate
3-carboxy-alpha-chromanol
3-carboxy-alpha-chromanol
3-hydroxydocosanoyl-CoA
3-hydroxydocosanoyl-CoA
3-hydroxyeicosanoyl-CoA
3-hydroxyeicosanoyl-CoA
3-hydroxyheneicosanoyl-CoA
3-hydroxyheptadecanoyl-[ACP]
3-hydroxyheptadecanoyl-CoA
3-hydroxyheptanoyl-[ACP]
3-hydroxyheptanoyl-CoA
3-hydroxyhexacosanoyl-CoA
3-hydroxykynurenine-O-beta-D-glucoside
3-hydroxynonadecanoyl-CoA
3-hydroxynonanoyl-[ACP]
3-hydroxynonanoyl-CoA
3-hydroxyoctadecanoyl-CoA
3-hydroxyoctadecanoyl-CoA
3-hydroxypentadecanoyl-[ACP]
3-hydroxypentadecanoyl-CoA
3-hydroxypentanoyl-[ACP]
3-hydroxypentanoyl-CoA
3-hydroxypristanoyl-CoA
3-hydroxytetracosanoyl-CoA
3-hydroxy-THA-CoA
3-hydroxytridecanoyl-[ACP]
3-hydroxytridecanoyl-CoA
3-hydroxyundecanoyl-[ACP]
3-hydroxyundecanoyl-CoA
3-keto-THA-CoA
3-oxo-10(R)-hydroxy-octadeca-(6E,8E,12Z)-trienoate
3-oxo-10(R)-hydroxy-octadeca-(6E,8E,12Z)-trienoate
3-oxo-10(S)-hydroxy-octadeca-(6E,8E,12Z)-trienoate
3-oxo-10(S)-hydroxy-octadeca-(6E,8E,12Z)-trienoate
3-oxo-11-cis-eicosenoyl-CoA
3-oxo-11-cis-eicosenoyl-CoA
3-oxo-11-cis-octadecenoyl-CoA
3-oxo-11-cis-octadecenoyl-CoA
3-oxo-13cis-docosenoyl-CoA
3-oxo-13cis-docosenoyl-CoA
3-oxo-13-cis-eicosenoyl-CoA
3-oxo-13-cis-eicosenoyl-CoA
3-oxo-(2S,6R,10R)-trimethyl-hendecanoyl-CoA
3-oxo-(2S)-methylisocapryloyl-CoA
3-oxo-4-methyl-pentanoyl-CoA
3-oxo-4(R),8-dimethyl-nonanoyl-CoA
3-oxo-(4R,8R,12R)-trimethyl-tridecanoyl-CoA
3-oxo-5(S),12(R)-dihydroxy-eicosa-8-trans-6,14-cis-trienoyl-CoA
3-oxo-5(S),12(R)-dihydroxy-eicosa-8-trans-6,14-cis-trienoyl-CoA
3-oxo-6(R)-hydroxy-tetradec-8-cis-enoate
3-oxo-6(S)-hydroxy-tetradec-(8Z)-enoate
3-oxo-(6Z,9Z,12Z)-octadecatrienoyl-CoA
3-oxo-(6Z,9Z,12Z)-octadecatrienoyl-CoA
3-oxo-7-hexadecenoyl-CoA
3-oxo-7-hexadecenoyl-CoA
3-oxo-8(R)-hydroxy-hexadeca-(6E,10Z)-dienoate
3-oxo-8(S)-hydroxy-hexadeca-(6E,10Z)-dienoate
3-oxo-all-cis-6,9,12,15,18-tetracosapentaenoyl-CoA
3-oxo-cis-15-tetracosaenoyl-CoA
3-oxo-cis,cis-5,8-tetradecadienoyl-CoA
3-oxo-cis,cis-5,8-tetradecadienoyl-CoA
3-oxo-cis,cis-7,10-hexadecadienoyl-CoA
3-oxo-cis,cis-7,10-hexadecadienoyl-CoA
3-oxo-dihomo-gamma-linolenoyl-CoA
3-oxo-dihomo-gamma-linolenoyl-CoA
3-oxodocosanoyl-CoA
3-oxodocosanoyl-CoA
3-oxoeicosanoyl-CoA
3-oxoeicosanoyl-CoA
3-oxoheneicosanoyl-CoA
3-oxoheptadecanoyl-[ACP]
3-oxoheptadecanoyl-CoA
3-oxoheptanoyl-[ACP]
3-oxoheptanoyl-CoA
3-oxohexacosanoyl-CoA
3-oxo-hexacosenoyl-CoA
3-oxolaur-6-cis-enoyl-CoA
3-oxolaur-6-cis-enoyl-CoA
3-oxolinoleoyl-CoA
3-oxolinoleoyl-CoA
3-oxomyrist-5-enoyl-CoA
3-oxomyrist-5-enoyl-CoA
3-oxomyrist-7-enoyl-CoA
3-oxomyrist-7-enoyl-CoA
3-oxononadecanoyl-CoA
3-oxononanoyl-[ACP]
3-oxononanoyl-CoA
3-oxooleoyl-CoA
3-oxooleoyl-CoA
3-oxopalmitoleoyl-CoA
3-oxopalmitoleoyl-CoA
3-oxopentadecanoyl-[ACP]
3-oxopentadecanoyl-CoA
3-oxopentanoyl-[ACP]
3-oxopentanoyl-CoA
3-oxotetracosanoyl-CoA
3-oxotridecanoyl-[ACP]
3-oxotridecanoyl-CoA
3-oxoundecanoyl-[ACP]
3-oxoundecanoyl-CoA
3(R)-hydroxy-(2S,6R,10)-trimethyl-hendecanoyl-CoA
3(R)-hydroxy-(4R,8R,12R)-trimethyl-tridecanoyl-CoA
3(S),10(R)-OH-octadeca-6-trans-4,12-cis-trienoate
3(S),10(R)-OH-octadeca-6-trans-4,12-cis-trienoate
3(S),10(R)-OH-octadeca-6-trans-4,12-cis-trienoyl-CoA
3(S),10(R)-OH-octadeca-6-trans-4,12-cis-trienoyl-CoA
(3S)-3-hydroxy-cis,cis-palmito-7,10-dienoyl-CoA
(3S)-3-hydroxy-cis,cis-palmito-7,10-dienoyl-CoA
(3S)-3-hydroxydodec-cis-6-enoyl-CoA
(3S)-3-hydroxydodec-cis-6-enoyl-CoA
(3S)-3-hydroxylinoleoyl-CoA
(3S)-3-hydroxylinoleoyl-CoA
3(S),5(S),12(R)-trihydroxy-eicosa-8-trans-6,14-cis-trienoyl-CoA
3(S),5(S),12(R)-trihydroxy-eicosa-8-trans-6,14-cis-trienoyl-CoA
3(S),6(R)-dihydroxy-tetradec-(8Z)-enoate
3(S),6(S)-dihydroxy-tetradec-(8Z)-enoate
3(S),8(R)-dihydroxy-(6E,10Z)-hexadecadienoate
3(S),8(S)-dihydroxy-(6E,10Z)-hexadecadienoate
3(S)-hydroxy-11-cis-eicosenoyl-CoA
3(S)-hydroxy-11-cis-eicosenoyl-CoA
3(S)-hydroxy-13-cis-docosenoyl-CoA
3(S)-hydroxy-13-cis-docosenoyl-CoA
3(S)-hydroxy-13-cis-eicosenoyl-CoA
3(S)-hydroxy-13-cis-eicosenoyl-CoA
3(S)-hydroxy-2(S),6-dimethyl-heptanoyl-CoA
3(S)-hydroxy-4-methyl-pentanoyl-CoA
3(S)-hydroxy-4(R),8-dimethyl-nonanoyl-CoA
3(S)-hydroxy-(5Z,8Z)-tetradecadienoyl-CoA
3(S)-hydroxy-(5Z,8Z)-tetradecadienoyl-CoA
3(S)-hydroxy-(6Z,9Z,12Z)-octadecatrienoyl-CoA
3(S)-hydroxy-(6Z,9Z,12Z)-octadecatrienoyl-CoA
3(S)-hydroxy-cis-15-tetracosaenoyl-CoA
3(S)-hydroxy-dihomo-gamma-linolenoyl-CoA
3(S)-hydroxy-dihomo-gamma-linolenoyl-CoA
3(S)-hydroxy-hexacosenoyl-CoA
3(S)-hydroxy-tetracosa-6,9,12,15,18-all-cis-pentaenoyl-CoA
(3Z,7Z,10Z)-hexadecatrienoyl-CoA
(3Z,7Z,10Z)-hexadecatrienoyl-CoA
4,4-dimethyl-14alpha-formyl-5alpha-cholesta-8,24-dien-3beta-ol
4,4-dimethyl-14alpha-formyl-5alpha-cholesta-8-en-3beta-ol
4,4-dimethyl-14alpha-hydroxymethyl-5alpha-cholesta-8,24-dien-3beta-ol
4,4-dimethyl-14alpha-hydroxymethyl-5alpha-cholesta-8-en-3beta-ol
4,4-dimethyl-5alpha-cholesta-8,14-dien-3-beta-ol
4alpha-carboxy-4beta-methyl-5alpha-cholesta-8-en-3beta-ol
4alpha-carboxy-5alpha-cholesta-8,24-dien-3beta-ol
4alpha-carboxy-5alpha-cholesta-8-en-3beta-ol
4alpha-formyl-4beta-methyl-5alpha-cholesta-8,24-dien-3beta-ol
4alpha-formyl-4beta-methyl-5alpha-cholesta-8-en-3beta-ol
4alpha-formyl-5alpha-cholesta-8,24-dien-3beta-ol
4alpha-formyl-5alpha-cholesta-8-en-3beta-ol
4alpha-hydroxymethyl-4beta-methyl-5alpha-cholesta-8,24-dien-3beta-ol
4alpha-hydroxymethyl-4beta-methyl-5alpha-cholesta-8-en-3beta-ol
4alpha-hydroxymethyl-5alpha-cholesta-8,24-dien-3beta-ol
4alpha-hydroxymethyl-5alpha-cholesta-8-en-3beta-ol
4alpha-methyl-5alpha-cholesta-8-en-3-one
4alpha-methyl-cholesta-8-enol
4-cholesten-7alpha,12alpha,27-triol-3-one
4-cholesten-7alpha,24(S)-diol-3-one
4-cholesten-7alpha,27-diol-3-one
4-cis-decenoyl-CoA
4-cis-decenoyl-CoA
4-hydroxy-17beta-estradiol-2-S-glutathione
4-hydroxy-17beta-estradiol-2-S-glutathione
4-hydroxy-17beta-estradiol-2-S-glutathione
4-hydroxy-17beta-estradiol-2-S-glutathione
4-hydroxyestrone-2-S-glutathione
4-hydroxyestrone-2-S-glutathione
4-hydroxyestrone-2-S-glutathione
4-hydroxyestrone-2-S-glutathione
4-methoxy-17beta-estradiol
4-methoxyestrone
4-methyl-pentanoyl-CoA
4-methyl-trans-2-pentenoyl-CoA
4-OH-9-cis-retinal
4-OH-9-cis-retinal
4-OH-retinal
4-OH-retinal
4-oxo-9-cis-retinal
4-oxo-9-cis-retinal
4(R),8-dimethyl-nonanoyl-CoA
4(R),8-dimethyl-nonanoyl-CoA
4(R),8-dimethyl-trans-2-nonenoyl-CoA
(4R,8R,12R)-trimethyl-(2E)-tridecenoyl-CoA
4(R)-hydroxy-dodec-(6Z)-enoate
4(S)-hydroxy-dodec-(6Z)-enoate
(4Z,7Z,10Z,13Z,16Z)-docosapentaenoylcarnitine
(4Z,7Z,10Z,13Z,16Z)-docosapentaenoylcarnitine
(4Z,7Z,10Z,13Z,16Z)-docosapentaenoylcarnitine
(4Z,7Z,10Z)-hexadecatrienoyl-CoA
(4Z,7Z,10Z)-hexadecatrienoyl-CoA
5,12,20-TriHETE
5,12-DiHETE
5,6-DHET
5,6-epoxy-(8Z)-tetradecenoic acid
5alpha-cholesta-8-en-3-one
5-androstene-3,17-dione
5beta-cholestan-3alpha,7alpha,12alpha,24(S),27-pentol
5beta-cholestan-3alpha,7alpha,12alpha,24(S)-tetrol
5beta-cholestan-3alpha,7alpha,12alpha,24(S)-tetrol
5beta-cholestan-3alpha,7alpha,24(S),27-tetrol
5beta-cholestan-3alpha,7alpha,24(S)-triol
5beta-cholestan-3alpha,7alpha,24(S)-triol
5beta-cholestan-7alpha,12alpha,24(S)-triol-3-one
5beta-cholestan-7alpha,12alpha,27-triol-3-one
5beta-cholestan-7alpha,24(S)-diol-3-one
5beta-cholestan-7alpha,27-diol-3-one
5beta-cholestane-3alpha,7alpha,12alpha,27,27-pentaol
5beta-cholestane-3alpha,7alpha,12alpha,27,27-pentaol
5beta-cholestane-3alpha,7alpha,27-triol
5-carboxy-alpha-chromanol
5-carboxy-gamma-chromanol
5-oxo-12-HETE
5-oxo-12(R)-hydroxy-eicosa-(8E,10E,14Z)-trienoyl-CoA
5-oxo-12(R)-hydroxy-eicosa-(8E,10E,14Z)-trienoyl-CoA
5-oxo-12(S)-hydroxy-eicosa-(8E,10E,14Z)-trienoyl-CoA
5-oxo-12(S)-hydroxy-eicosa-(8E,10E,14Z)-trienoyl-CoA
5-oxo-(6E)-12-epi-LTB4
5-oxo-(6E)-12-epi-LTB4
5-oxo-6-trans-LTB4
5-oxo-EPE
5-oxo-EPE
5-oxo-ETE
5(S),12(R)-dihydroxy-eicosa-2,8-trans-6,14-cis-tetraenoyl-CoA
5(S),12(R)-dihydroxy-eicosa-2,8-trans-6,14-cis-tetraenoyl-CoA
5(S),6(S)-epoxy-15(R)-HEPE
5(S),6(S)-epoxy-15(R)-HEPE
(5S,6S)-epoxy-(15R)-hydroxy-ETE
(5S,6S)-epoxy-(15R)-hydroxy-ETE
(5S,6S)-epoxy-(15R)-hydroxy-ETE
5-S-glutathionyl-adrenochrome hydroquinone
5-S-glutathionyl-aminochrome reduced
5(S)-HEPE
5(S)-HpEPE
5(S)-HPETE
5(S)-HPETE
5-tetradecenoyl-CoA
5-tetradecenoyl-CoA
5-tetradecenoyl-CoA
5-tetradecenoyl-CoA
(5Z,8Z,11Z,14Z,17Z)-eicosapentaenoylcarnitine
(5Z,8Z,11Z,14Z,17Z)-eicosapentaenoylcarnitine
(5Z,8Z,11Z,14Z,17Z)-eicosapentaenoylcarnitine
(5Z,8Z,11Z)-eicosatrienoylcarnitine
(5Z,8Z,11Z)-eicosatrienoylcarnitine
(5Z,8Z,11Z)-eicosatrienoylcarnitine
(5Z,8Z,11Z)-eicosatrienoyl-CoA
(5Z,8Z,11Z)-eicosatrienoyl-CoA
(5Z,8Z,11Z)-eicosatrienoyl-CoA
(5Z)-dodecenoyl-CoA
(5Z)-dodecenoyl-CoA
6,7-dihydro-5-oxo-12-epi-LTB4
6,7-dihydro-5-oxo-12-epi-LTB4
6,7-dihydro-5-oxo-LTB4
6,7-dihydro-5-oxo-LTB4
6,7-dihydro-LTB4
6,7-dihydro-LTB4
6(R)-hydroxy-tetradeca-(2E,4E,8Z)-trienoate
6(R)-hydroxy-tetradeca-(2E,8Z)-dienoate
6(R)-hydroxy-tetradeca-(4E,8Z)-dienoate
6(S)-hydroxy-tetradeca-(2E,4E,8Z)-trienoate
6(S)-hydroxy-tetradeca-(2E,8Z)-dienoate
6(S)-hydroxy-tetradeca-(4E,8Z)-dienoate
(6Z,9Z,12Z,15Z,18Z,21Z)-tetracosahexaenoylcarnitine
(6Z,9Z,12Z,15Z,18Z,21Z)-tetracosahexaenoylcarnitine
(6Z,9Z,12Z,15Z,18Z)-tetracosapentaenoylcarnitine
(6Z,9Z,12Z,15Z,18Z)-tetracosapentaenoylcarnitine
(6Z,9Z,12Z,15Z,18Z)-TPA
(6Z,9Z,12Z,15Z,18Z)-TPA
(6Z,9Z,12Z,15Z)-octadecatetraenoylcarnitine
(6Z,9Z,12Z,15Z)-octadecatetraenoylcarnitine
(6Z,9Z,12Z,15Z)-octadecatetraenoylcarnitine
(6Z,9Z)-octadecadienoic acid
(6Z,9Z)-octadecadienoic acid
(6Z,9Z)-octadecadienoylcarnitine
(6Z,9Z)-octadecadienoylcarnitine
(6Z,9Z)-octadecadienoylcarnitine
(6Z,9Z)-octadecadienoyl-CoA
(6Z,9Z)-octadecadienoyl-CoA
(6Z,9Z)-octadecadienoyl-CoA
7,8-epoxy-(4Z,10Z)-hexadecadienoic acid
7alpha-hydroxy-3-oxo-4-cholestenoic acid
7-carboxy-alpha-chromanol
7-carboxy-alpha-tocotrienol
7-carboxy-gamma-chromanol
7-carboxy-gamma-tocotrienol
7-HETE
7-hexadecenoyl-CoA
7-hexadecenoyl-CoA
7-hexadecenoyl-CoA
7-hexadecenoyl-CoA
7-palmitoleic acid
7-palmitoleic acid
(7Z,10Z,13Z,16Z,19Z)-docosapentaenoylcarnitine
(7Z,10Z,13Z,16Z,19Z)-docosapentaenoylcarnitine
(7Z,10Z,13Z,16Z,19Z)-docosapentaenoylcarnitine
(7Z)-octadecenoic acid
(7Z)-octadecenoic acid
(7Z)-octadecenoyl-CoA
(7Z)-octadecenoyl-CoA
(7Z)-octadecenoyl-CoA
(7Z)-tetradecenoyl-CoA
(7Z)-tetradecenoyl-CoA
(7Z)-tetradecenoyl-CoA
(7Z)-tetradecenoyl-CoA
8,11-eicosadienoic acid
8,11-eicosadienoic acid
8,9-DHET
8,9-epoxy-(5Z)-tetradecenoic acid
8-HETE
8(R)-hydroxy-hexadeca-(2E,4E,6E,10Z)-tetraenoate
8(R)-hydroxy-hexadeca-(2E,6E,10Z)-trienoate
8(R)-hydroxy-hexadeca-(4E,6E,10Z)-trienoate
8(S)-hydroxy-hexadeca-(2E,4E,6E,10Z)-tetraenoate
8(S)-hydroxy-hexadeca-(2E,6E,10Z)-trienoate
8(S)-hydroxy-hexadeca-(4E,6E,10Z)-trienoate
(8Z,11Z,14Z,17Z)-eicosatetraenoylcarnitine
(8Z,11Z,14Z,17Z)-eicosatetraenoylcarnitine
(8Z,11Z,14Z,17Z)-eicosatetraenoylcarnitine
(8Z,11Z)-eicosadienoylcarnitine
(8Z,11Z)-eicosadienoylcarnitine
(8Z,11Z)-eicosadienoylcarnitine
(8Z,11Z)-eicosadienoyl-CoA
(8Z,11Z)-eicosadienoyl-CoA
(8Z,11Z)-eicosadienoyl-CoA
9,10-epoxy-(6Z,12Z)-octadecadienoic acid
9,10-hydroxyoctadec-12(Z)-enoate
9,10-hydroxyoctadec-12(Z)-enoate
9-carboxy-alpha-chromanol
9-carboxy-alpha-tocotrienol
9-carboxy-gamma-chromanol
9-carboxy-gamma-tocotrienol
9-cis-retinal
9-cis-retinal
9-cis-retinoate
9-deoxy-delta12-PGD2
9-eicosenoyl-CoA
9-eicosenoyl-CoA
9-eicosenoyl-CoA
(9E)-octadecenoylcarnitine
(9E)-octadecenoylcarnitine
(9E)-octadecenoylcarnitine
(9E)-octadecenoyl-CoA
(9E)-octadecenoyl-CoA
(9E)-octadecenoyl-CoA
(9E)-tetradecenoic acid
(9E)-tetradecenoic acid
(9E)-tetradecenoyl-CoA
(9E)-tetradecenoyl-CoA
(9E)-tetradecenoyl-CoA
9-heptadecenoyl-CoA
9-heptadecenoyl-CoA
9-heptadecenoyl-CoA
9-HETE
(9Z,12Z,15Z,18Z,21Z)-tetracosapentaenoylcarnitine
(9Z,12Z,15Z,18Z,21Z)-tetracosapentaenoylcarnitine
(9Z,12Z,15Z,18Z,21Z)-TPA
(9Z,12Z,15Z,18Z,21Z)-TPA
(9Z,12Z,15Z,18Z)-tetracosatetraenoylcarnitine
(9Z,12Z,15Z,18Z)-tetracosatetraenoylcarnitine
(9Z,12Z,15Z,18Z)-TTA
(9Z,12Z,15Z,18Z)-TTA
acetamidopropanal
acetamidopropanal
acyl-CoA-bile-PC pool
acyl-CoA-CL pool
acyl-CoA-CL pool
acyl-CoA-LD-PC pool
acyl-CoA-LD-PE pool
acyl-CoA-LD-PI pool
acyl-CoA-LD-PS pool
acyl-CoA-LD-SM pool
acyl-CoA-LD-TG2 pool
acyl-CoA-LD-TG3 pool
adrenochrome
albumin
alpha-CEHC-glucuronide
(alpha-D-Glucosyl)2-(alpha-D-mannosyl)8-beta-D-mannosyl-diacetylchitobiosyl-L-asparagine (protein)
(alpha-D-Glucosyl)2-(alpha-D-mannosyl)8-beta-D-mannosyl-diacetylchitobiosyl-L-asparagine (protein)
(alpha-D-Glucosyl)3-(alpha-D-mannosyl)8-beta-D-mannosyl-diacetylchitobiosyl-L-asparagine (protein)
(alpha-D-Glucosyl)3-(alpha-D-mannosyl)8-beta-D-mannosyl-diacetylchitobiosyl-L-asparagine (protein)
(alpha-D-mannosyl)4-beta-D-mannosyl-diacetylchitobiosyl-L-asparagine (protein)
(alpha-D-Glucosyl)-(alpha-D-mannosyl)8-beta-D-mannosyl-diacetylchitobiosyl-L-asparagine (protein)
(alpha-D-mannosyl)5-beta-D-mannosyl-diacetylchitobiosyl-L-asparagine (protein) (B1)
(alpha-D-mannosyl)7-beta-D-mannosyl-diacetylchitobiosyl-L-asparagine, isoform B (protein)
(alpha-D-mannosyl)5-beta-D-mannosyl-diacetylchitobiosyl-L-asparagine (protein) (B2)
(alpha-D-mannosyl)8-beta-D-mannosyl-diacetylchitobiosyl-L-asparagine (protein)
apoA1
apoC-lys
arachidonate derivatives
arachidonyl-carnitine
arachidonyl-carnitine
arachidonyl-carnitine
beta-carotene
bile-PC pool
CDP-diacylglycerol-CL pool
CDP-diacylglycerol-LD-PI pool
CDP-diacylglycerol-LD-PI pool
CDP-diacylglycerol-LD-PI pool
ceramide-1P pool
chitin-component
cholest-5-ene-3beta,7alpha,24(S)-triol
cholesterol-ester-10,13,16,19-docosa
cholesterol-ester-10,13,16-docosa
cholesterol-ester-10-hepta
cholesterol-ester-11,14,17-eico
cholesterol-ester-11,14-eicosa
cholesterol-ester-11-docose
cholesterol-ester-11-eico
cholesterol-ester-12,15,18,21-tetracosa
cholesterol-ester-13,16,19-doco
cholesterol-ester-13,16-docosa
cholesterol-ester-13-docose
cholesterol-ester-13-eicose
cholesterol-ester-13-octade
cholesterol-ester-15-tetra
cholesterol-ester-4,7,10,13,16,19-doco
cholesterol-ester-4,7,10,13,16-docosa
cholesterol-ester-5,8,11,14,17-eico
cholesterol-ester-5,8,11-eico
cholesterol-ester-5-tetra
cholesterol-ester-6,9,12,15,18,21-tetra
cholesterol-ester-6,9,12,15,18-tetraco
cholesterol-ester-6,9,12,15-octa
cholesterol-ester-6,9-octa
cholesterol-ester-7,10,13,16,19-docosa
cholesterol-ester-7,10,13,16-docosa
cholesterol-ester-7-hexa
cholesterol-ester-7-octade
cholesterol-ester-7-tetrade
cholesterol-ester-8,11,14,17-eico
cholesterol-ester-8,11-eico
cholesterol-ester-9,12,15,18,21-tetra
cholesterol-ester-9,12,15,18-tetraco
cholesterol-ester-9-eicose
cholesterol-ester-9-heptade
cholesterol-ester-9-octa
cholesterol-ester-9-tetrade
cholesterol-ester-arach
cholesterol-ester-cis-vac
cholesterol-ester-dihomo-gamma
cholesterol-ester-docosa
cholesterol-ester-eico
cholesterol-ester-gamma-lin
cholesterol-ester-heneico
cholesterol-ester-hepta
cholesterol-ester-hexacosa
cholesterol-ester-hexecose
cholesterol-ester-laur
cholesterol-ester-linolen
cholesterol-ester-myrist
cholesterol-ester-nanode
cholesterol-ester-palmn
cholesterol-ester-penta
cholesterol-ester-stea
cholesterol-ester-tetraco
cholesterol-ester-trico
cholesterol-ester-tridec
cis-(3S)-hydroxytetradec-5-enoyl-CoA
cis-(3S)-hydroxytetradec-5-enoyl-CoA
cis-(3S)-hydroxytetradec-7-enoyl-CoA
cis-(3S)-hydroxytetradec-7-enoyl-CoA
cis,cis-myristo-5,8-dienoyl-CoA
cis,cis-myristo-5,8-dienoyl-CoA
cis,cis-palmito-7,10-dienoyl-CoA
cis,cis-palmito-7,10-dienoyl-CoA
cis-vaccenoyl-CoA
cis-vaccenoyl-CoA
cis-vaccenoyl-CoA
cis-vaccenoyl-CoA
(alpha-D-mannosyl)5-beta-D-mannosyl-diacetylchitobiosyl-L-asparagine (protein) (C)
CL pool
CL pool
dehydrodolichol
dehydrodolichol-phosphate
delta-12-prostaglandin J2
dgpi_prot heparan sulfate
dgpi_prot heparan sulfate
docosahexaenoylcarnitine
docosahexaenoylcarnitine
docosanoylcarnitine
docosanoylcarnitine
docosanoylcarnitine
docosenoylcarnitine(11)
docosenoylcarnitine(11)
docosenoylcarnitine
docosenoylcarnitine
dopamine-O-quinone
eicosadienoylcarnitine
eicosadienoylcarnitine
eicosadienoylcarnitine
eicosanoylcarnitine
eicosanoylcarnitine
eicosanoylcarnitine
eicosatrienoylcarnitine
eicosatrienoylcarnitine
eicosatrienoylcarnitine
eicosenoylcarnitine(11)
eicosenoylcarnitine(11)
eicosenoylcarnitine(7)
eicosenoylcarnitine(7)
eicosenoylcarnitine(9)
eicosenoylcarnitine(9)
em2emgacpail heparan sulfate
em3gacpail heparan sulfate
emem2gacpail heparan sulfate
emgacpail heparan sulfate
estrone-2,3-quinone
estrone-2,3-quinone
estrone-2,3-quinone
estrone-2,3-quinone
estrone-2,3-semiquinone
estrone-3,4-quinone
estrone-3,4-quinone
estrone-3,4-quinone
estrone-3,4-quinone
estrone-3,4-semiquinone
gamma-carboxyethyl-hydroxychroman
gamma-carboxyethyl-hydroxychroman
gamma-linolenoylcarnitine
gamma-linolenoylcarnitine
gamma-linolenoylcarnitine
(alpha-D-mannosyl)6-beta-D-mannosyl-diacetylchitobiosyl-L-asparagine (protein) (A)
glucosaminyl-acylphosphatidylinositol
glucosaminyl-acylphosphatidylinositol
(alpha-D-mannosyl)6-beta-D-mannosyl-diacetylchitobiosyl-L-asparagine (protein) (B1)
glucosyl-(alpha-D-mannosyl)6-beta-D-mannosyl-diacetylchitobiosyl-L-asparagine (protein)
(alpha-D-mannosyl)6-beta-D-mannosyl-diacetylchitobiosyl-L-asparagine (protein) (B2)
glucosyl-(alpha-D-mannosyl)7-beta-D-mannosyl-diacetylchitobiosyl-L-asparagine, isoform B (protein)
(alpha-D-mannosyl)6-beta-D-mannosyl-diacetylchitobiosyl-L-asparagine (protein) (C)
glucosyl-(alpha-D-mannosyl)7-beta-D-mannosyl-diacetylchitobiosyl-L-asparagine, isoform C (protein)
glutathionyl-leukotriene C4
glycogenin G11
glycogenin G4G4
glycogenin G4G7
glycogenin G7
glycogenin G7G1
glycogenin G8
glycophosphatidylinositol-(GPI)-anchored-protein-precursor
glycophosphatidylinositol-(GPI)-anchored-protein-precursor
(alpha-D-mannosyl)7-beta-D-mannosyl-diacetylchitobiosyl-L-asparagine, isoform A (protein)
GO3P
GO3P
gpi heparan sulfate
gpi_prot heparan sulfate
gpi_sig
gpi_sig
(alpha-D-mannosyl)7-beta-D-mannosyl-diacetylchitobiosyl-L-asparagine, isoform B (protein)
heneicosanoylcarnitine
heneicosanoylcarnitine
heneicosanoylcarnitine
heneicosanoyl-CoA
heneicosanoyl-CoA
heneicosanoyl-CoA
hepoxilin A3-c
hepoxilin A3-c
heptadecanoyl-[ACP]
heptadecanoyl-CoA
heptadecanoyl-CoA
heptadecanoyl-CoA
heptadecenoylcarnitine(7)
heptadecenoylcarnitine(7)
heptadecenoylcarnitine(8)
heptadecenoylcarnitine(8)
heptanoyl-[ACP]
hexacosanoylcarnitine
hexacosanoylcarnitine
hexacosanoyl-CoA
hexacosanoyl-CoA
hexacosanoyl-CoA
hexacosenoylcarnitine
hexacosenoylcarnitine
hexacosenoyl-CoA
hexacosenoyl-CoA
hexacosenoyl-CoA
hexadecanol
hexadecenoylcarnitine(9)
hexadecenoylcarnitine(9)
(alpha-D-mannosyl)7-beta-D-mannosyl-diacetylchitobiosyl-L-asparagine, isoform C (protein)
hypochlorite
(alpha-D-mannosyl)8-beta-D-mannosyl-diacetylchitobiosyl-L-asparagine (protein)
leukotriene A5
leukotriene B5
leukotriene B5
linoleic-carnitine
linoleic-carnitine
linoleic-carnitine
lipid droplet
L-oleoylcarnitine
L-oleoylcarnitine
L-oleoylcarnitine
m2emgacpail heparan sulfate
m2gacpail heparan sulfate
m3emgacpail heparan sulfate
m3gacpail heparan sulfate
maltodecaose
maltoheptaose
maltononaose
maltopentaose
mem2emgacpail heparan sulfate
mem2emgacpail_prot heparan sulfate
mem2emgacpail_prot heparan sulfate
memgacpail heparan sulfate
methyl-indole-3-acetate
mgacpail heparan sulfate
nitryl-chloride
nonadecanoylcarnitine
nonadecanoylcarnitine
nonadecanoylcarnitine
nonadecanoyl-CoA
nonadecanoyl-CoA
nonadecanoyl-CoA
nonanoyl-[ACP]
noradrenochrome
ocosatetraenoylcarnitine
ocosatetraenoylcarnitine
ocosatetraenoylcarnitine
octadecatrienoylcarnitine
octadecatrienoylcarnitine
octadecatrienoylcarnitine
octadecenoylcarnitine(11)
octadecenoylcarnitine(11)
octadecenoylcarnitine(5)
octadecenoylcarnitine(5)
octadecenoylcarnitine(7)
octadecenoylcarnitine(7)
octadecenoylcarnitine(7)
omega-carboxy-trinor-LTB4
omega-carboxy-trinor-LTB4
omega-COOH-dinor-LTE4-CoA
omega-COOH-tetranor-LTE3-CoA
others
palmitoleoyl-carnitine
palmitoleoyl-carnitine
palmitoleoyl-carnitine
pentadecanoyl-[ACP]
pentadecanoylcarnitine
pentadecanoylcarnitine
pentadecanoylcarnitine
pentadecanoyl-CoA
pentadecanoyl-CoA
pentadecanoyl-CoA
pentanoyl-[ACP]
PE-PS-LD pool
peptide sans lysine
PG-CL pool
PGH3
PGP-CL pool
propanoyl-[ACP]
prostaglandin G1
prostaglandin G1
prostaglandin H1
prostaglandin H1
S-(11-hydroxy-9-deoxy-delta12-PGD2)-glutathione
S-(11-OH-9-deoxy-delta9,12-PGD2)-glutathione
(S)-3-hydroxy-11-cis-octadecenoyl-CoA
(S)-3-hydroxy-11-cis-octadecenoyl-CoA
(S)-3-hydroxy-7-hexadecenoyl-CoA
(S)-3-hydroxy-7-hexadecenoyl-CoA
(S)-3-hydroxyoleyleoyl-CoA
(S)-3-hydroxyoleyleoyl-CoA
(S)-3-hydroxypalmitoleoyl-CoA
(S)-3-hydroxypalmitoleoyl-CoA
S-(9-deoxy-delta12-PGD2)-glutathione
S-(9-deoxy-delta9,12-PGD2)-glutathione
salsolinol-1-carboxylate
S-glutathionyl-2-4-dinitrobenzene
S-glutathionyl-ethacrynic acid
S-(PGA2)-glutathione
S-(PGJ2)-glutathione
sphingosylphosphorylcholine
stearoylcarnitine
stearoylcarnitine
stearoylcarnitine
steroids
sulfochenodeoxycholate
tauroursodeoxycholate
tetracosanoylcarnitine
tetracosanoylcarnitine
tetradecenoylcarnitine(5)
tetradecenoylcarnitine(5)
tetradecenoylcarnitine(7)
tetradecenoylcarnitine(7)
tetradecenoylcarnitine(9)
tetradecenoylcarnitine(9)
tetraHCA
tetraHCA
THF-hexaglutamate
trans-2,3-dehydropristanoyl-CoA
trans-2-all-cis-6,9,12,15,18-tetracosahexaenoyl-CoA
trans-2-cis,cis-5,8-tetradecatrienoyl-CoA
trans-2-cis,cis-5,8-tetradecatrienoyl-CoA
trans-2-cis,cis,cis-8,11,14-eicosatetraenoyl-CoA
trans-2-cis,cis,cis-8,11,14-eicosatetraenoyl-CoA
trans-3-cis-5,8,11,14-eicosapentaenoyl-CoA
trans-3-cis-8,11,14-eicosatetraenoyl-CoA
trans-3-cis-8,11,14-eicosatetraenoyl-CoA
trans-3-decenoyl-CoA
trans-3-decenoyl-CoA
trans,cis-2,11-eicosadienoyl-CoA
trans,cis-2,11-eicosadienoyl-CoA
trans,cis-2,13-docosadienoyl-CoA
trans,cis-2,13-docosadienoyl-CoA
trans,cis-2,13-eicosadienoyl-CoA
trans,cis-2,13-eicosadienoyl-CoA
trans,cis-2,15-tetracosadienoyl-CoA
trans,cis-2,17-hexacosadienoyl-CoA
trans,cis,cis-2,7,10-hexadecatrienoyl-CoA
trans,cis,cis-2,7,10-hexadecatrienoyl-CoA
trans,cis,cis-2,9,12-octadecatrienoyl-CoA
trans,cis,cis-2,9,12-octadecatrienoyl-CoA
trans,cis-hexadeca-2,7-dienoyl-CoA
trans,cis-hexadeca-2,7-dienoyl-CoA
trans,cis-hexadeca-2,9-dienoyl-CoA
trans,cis-hexadeca-2,9-dienoyl-CoA
trans,cis-myristo-2,5-dienoyl-CoA
trans,cis-myristo-2,5-dienoyl-CoA
trans,cis-myristo-2,7-dienoyl-CoA
trans,cis-myristo-2,7-dienoyl-CoA
trans,cis-octadeca-2,11-dienoyl-CoA
trans,cis-octadeca-2,11-dienoyl-CoA
trans,cis-octadeca-2,9-dienoyl-CoA
trans,cis-octadeca-2,9-dienoyl-CoA
trans,trans,cis-geranyl-geranyl-pp
tricosanoylcarnitine
tricosanoylcarnitine
tricosanoyl-CoA
tricosanoyl-CoA
tridecanoyl-[ACP]
tridecanoylcarnitine
tridecanoylcarnitine
tridecanoylcarnitine
9-O-acetylated-GD3
undecanoyl-[ACP]
vitamin A derivatives
vitamin D derivatives
xenobiotics
ximenic acid
ximenic acid
9-O-acetylated-GT3
4(R),8-dimethyl-trans-2-nonenoyl-CoA
trans-3-cis-5,8,11,14-eicosapentaenoyl-CoA
valeric acid
hexanoic acid
heptylic acid
1-hexadecylglycerol-3-phosphate
decanoic acid
nonanoic acid
undecylic acid
3-oxo-10(R)-hydroxy-octadeca-(6E,8E,12Z)-trienoate
3-oxo-10(R)-hydroxy-octadeca-(6E,8E,12Z)-trienoyl-CoA
6,7-dihydro-12-epi-LTB4
6,7-dihydro-5-oxo-12-epi-LTB4
6,7-dihydro-LTB4
6,7-dihydro-5-oxo-LTB4
3,5-dioxo-12(R)-hydroxy-eicosa-(8E,10E,14Z)-trienoyl-CoA
5-oxo-12(R)-hydroxy-eicosa-(2E,8E,10E,14Z)-tetraenoyl-CoA
3(S),12(R)-dihydroxy-5-oxo-eicosa-(8E,10E,14Z)-trienoyl-CoA
5-oxo-12(R)-hydroxy-eicosa-(8E,10E,14Z)-trienoyl-CoA
3-oxo-10(S)-hydroxy-octadeca-(6E,8E,12Z)-trienoate
3-oxo-10(S)-hydroxy-octadeca-(6E,8E,12Z)-trienoyl-CoA
3,5-dioxo-12(S)-hydroxy-eicosa-(8E,10E,14Z)-trienoyl-CoA
3(S),12(S)-dihydroxy-5-oxo-eicosa-(8E,10E,14Z)-trienoyl-CoA
5-oxo-12(S)-hydroxy-eicosa-(2E,8E,10E,14Z)-tetraenoyl-CoA
5-oxo-12(S)-hydroxy-eicosa-(8E,10E,14Z)-trienoyl-CoA
5(S)-HEPE
20-hydroxy-LTB5
13-carboxy-alpha-tocotrienol
13-carboxy-gamma-tocopherol
13-carboxy-gamma-tocotrienol
13-hydroxy-alpha-tocotrienol
13-hydroxy-alpha-tocotrienol
13-hydroxy-gamma-tocopherol
13-hydroxy-gamma-tocopherol
13-hydroxy-gamma-tocotrienol
13-hydroxy-gamma-tocotrienol
4,8-dimethylnonanoylcarnitine
4,8-dimethylnonanoylcarnitine
4(R),8-dimethyl-nonanoyl-CoA
dgpi_prot heparan sulfate
dgpi_prot heparan sulfate
gamma-CEHC-glucuronide
gamma-tocopherol
gamma-tocopherol
gamma-tocopherol
gamma-tocopherol
gamma-tocotrienol
gamma-tocotrienol
gamma-tocotrienol
gamma-tocotrienol
glycophosphatidylinositol-(GPI)-anchored-protein-precursor
glycophosphatidylinositol-(GPI)-anchored-protein-precursor
gpi_sig
gpi_sig
mem2emgacpail_prot heparan sulfate
mem2emgacpail_prot heparan sulfate
vitamin E derivatives
13-hydroxy-alpha-tocopherol
15(R)-HETE
15(R)-HETE
tridecanoylcarnitine
tridecanoylcarnitine
(10Z)-heptadecenoic acid
(11R)-HPETE
(13E)-tetranor-16-carboxy-LTE4
(13E)-tetranor-16-oxo-16-CoA-LTE4
(13Z)-eicosenoic acid
(13Z)-octadecenoic acid
(18R)-HEPE
(18R)-hydroxy-(5Z,8Z,11Z,14Z,16E)-eicosapentaenoic acid
(2E)-docosenoyl-CoA
(2E)-eicosenoyl-CoA
(2E)-heneicosenoyl-CoA
(2E)-hexacosenoyl-CoA
(2E)-nonadecenoyl-CoA
(2E)-tetracosenoyl-CoA
(2E)-tricosenoyl-CoA
(2E,7Z,10Z,13Z,16Z)-docosapentaenoyl-CoA
(3S)-hydroxy-docasa-cis,cis-13,16-dienoyl-CoA
(3S)-hydroxy-eicosa-cis,cis,cis-11,14,17-trienoyl-CoA
(3S)-hydroxy-eicosa-cis,cis-11,14-dienoyl-CoA
(6Z,9Z)-octadecadienoic acid
(6Z,9Z,12Z,15Z,18Z)-TPA
(7Z)-octadecenoic acid
(9E)-tetradecenoic acid
(9Z,12Z,15Z,18Z)-TTA
(9Z,12Z,15Z,18Z,21Z)-TPA
acgalfuc12gal14acglcgalgluside heparan sulfate
acgalfucgalacglcgal14acglcgalgluside heparan sulfate
acngalacglcgalgluside heparan sulfate
acyl-CoA-LD-SM pool
alpha-GalNAc-globoside
beta-GalNAc-globoside
(R)-1,2-dimethyl-5,6-dihydroxy-tetrahydroisoquinoline
[apocarboxlase]
1-(1,2,3,4,5-pentahydroxypent-1-yl)-1,2,3,4-tetrahydro-beta-carboline-3-carboxylate
1,2,3,4-tetrahydro-beta-carboline
1,2-dehydrosalsolinol
1,4-benzothiazine-O-quinonimine
10,11-dihydro-20-dihydroxy-LTB4
10,13,16,19-docosatetraenoic acid
10-formyl-THF-glu(5)
10-formyl-THF-glu(5)
10-formyl-THF-glu(5)
10-formyl-THF-glu(6)
10-formyl-THF-glu(6)
10-formyl-THF-glu(6)
10-formyl-THF-glu(7)
10-formyl-THF-glu(7)
10-formyl-THF-glu(7)
10-hydroperoxy-H4-neuroprostane
10-hydroxy-D4-neuroprostane
10-hydroxy-E4-neuroprostane
10-peroxy-docosahexaenoate
11,12-dihydroxy-(5E,7E,9E,14Z)-eicosatetraenoate
11,15-cyclo-12,14-cycloperoxy-8-hydroperoxy-(5Z,9E)-eicosadienoate
11,15-cyclo-8,12,14-trihydroxy-(5Z,9E)-eicosadienoic acid
11-dehydro-thromboxane B2
11-HpODE
11-hydroperoxy-H4-neuroprostane
11-hydroxy-D4-neuroprostane
11-hydroxy-E4-neuroprostane
11-peroxy-(5Z,8Z,12E,14Z)-eicosatetraenoate
11-peroxy-docosahexaenoate
11-trans-LTE4
12(S)-HHT
12,13-epoxy-9-alkoxy-(10E)-octadecenoate
12,13-epoxy-9-hydroperoxy-(10E)-octadecenoate
12,13-epoxylinoleic acid-radical
12,15,18,21-tetracosatetraenoic acid
12,15,18,21-tetracosatetraenoyl-CoA
12,20-diHETE
12,20-diHETE
12-oxo-10,11-dihydro-20-COOH-LTB4
12-oxo-20-carboxy-LTB4
12-oxo-20-dihydroxy-LTB4
12-oxo-20-hydroxy-LTB4
12-oxo-20-trihydroxy-LTB4
12-peroxy-(5Z,8Z,10E,14Z)-eicosatetraenoate
13,14-dihydro-15-oxo-lipoxin A4
13,14-dihydro-lipoxin A4
13-carboxy-alpha-tocopherol
13-cis-oxo-retinoate
13-cis-retinol
13-cis-retinoyl-beta-D-glucuronide
13-hydroperoxy-H4-neuroprostane
13-hydroxy-alpha-tocopherol
13-hydroxy-D4-neuroprostane
13-hydroxy-E4-neuroprostane
13-oxo-(9Z,11E)-tridecadienoate
13-oxy-radical-octadecadienoate
14,15-DiHETE
14,15-DiHETE
14-hydroperoxy-H4-neuroprostane
14-hydroxy-D4-neuroprostane
14-hydroxy-E4-neuroprostane
14-hydroxytetradecanoic acid
14-hydroxytetradecanoic acid
14-peroxy-docosahexaenoate
15(R)-HEPE
15(R)-HEPE
15(R)-HpEPE
15(S)-HETrE
15-deoxy-PGD2
15-deoxy-prostaglandin J2
15-epi-lipoxin A5
15-epi-lipoxin A5
15-epi-lipoxin B4
15-epi-lipoxin B4
15-epi-lipoxin B5
15-HpETrE
15-oxo-lipoxin A4
15-oxo-prostaglandin E2-glyceryl ester
16-peroxy-docosahexaenoate
17alpha-hydroxypregnenolone sulfate
17-hydroperoxy-H4-neuroprostane
17-hydroxy-D4-neuroprostane
17-hydroxy-E4-neuroprostane
17-peroxy-docosahexaenoate
18-COOH-LTB4
19-hydroxytestosterone
1-alkyldihydroxyacetone-phosphate
1-alkyldihydroxyacetone-phosphate
1-deoxy-1-(N6-lysino)-D-fructose
1-hydroperoxy-8-carboxyoctyl-3,4-epoxynon-(2E)-enyl-ether
2(S),6-dimethyl-heptanoyl-CoA
20-dihydroxy-LTB4
20-dihydroxy-LTB4
20-hydroperoxy-H4-neuroprostane
20-hydroxy-5S-HETE
20-hydroxy-D4-neuroprostane
20-hydroxy-E4-neuroprostane
20-OH-10,11-dihydro-LTB4
20-OH-hepoxilin A3
20-OH-hepoxilin A3
20-trihydroxy-LTB4
20-trihydroxy-LTB4
21-hydroxyallopregnanolone
23S,25,26-trihydroxyvitamin D3
23S,25,26-trihydroxyvitamin D3
24-oxo-1alpha,23,25-trihydroxyvitamin D3
24-oxo-1alpha,25-dihydroxyvitamin D3
24R,25-dihyoxyvitamin D2
24R,25-dihyoxyvitamin D2
24R,25-dihyoxyvitamin D2
25-hydroxyvitamin D3-26,23-lactol
25-hydroxyvitamin D3-26,23-lactol
25-hydroxyvitamin D3-26,23-lactone
25-hydroxyvitamin D3-26,23-lactone
27alpha-hydroxy-7-dehydrocholesterol
2-methoxy-6-all trans-decaprenyl-2-methoxy-1,4-benzoquinol
2-methylbutyrylglycine
2-trans-7,10,13,16,19-all-cis-docosahexaenoyl-CoA
2-trans-9,12,15,18,21-all-cis-tetracosahexaenoyl-CoA
2-trans-9,12,15,18-all-cis-tetracosapentaenoyl-CoA
3(S),12(R)-dihydroxy-5-oxo-eicosa-(8E,10E,14Z)-trienoyl-CoA
3(S),12(S)-dihydroxy-5-oxo-eicosa-(8E,10E,14Z)-trienoyl-CoA
3(S)-hydroxy-10,13,16-all-cis-docosatrienoyl-CoA
3(S)-hydroxy-11-cis-docosenoyl-CoA
3(S)-hydroxy-11-cis-eicosenoyl-CoA
3(S)-hydroxy-13-cis-docosenoyl-CoA
3(S)-hydroxy-13-cis-eicosenoyl-CoA
3(S)-hydroxy-3-oxo-eicosadienoyl-CoA
3(S)-hydroxy-9-cis-eicosenoyl-CoA
3(S)-hydroxy-all-cis-8,11,14,17-eicosatetraenoyl-CoA
3(S)-hydroxy-cis-15-tetracosaenoyl-CoA
3(S)-hydroxy-dihomo-gamma-linolenoyl-CoA
3(S)-hydroxy-docosa-10,13,16,19-all-cis-tetraenoyl-CoA
3(S)-hydroxy-docosa-13,16,19-all-cis-trienoyl-CoA
3(S)-hydroxy-docosa-7,10,13,16,19-all-cis-pentaenoyl-CoA
3(S)-hydroxy-docosa-7,10,13,16-all-cis-tetraenoyl-CoA
3(S)-hydroxy-hexacosenoyl-CoA
3(S)-hydroxy-tetracosa-12,15,18,21-all-cis-tetraenoyl-CoA
3(S)-hydroxy-tetracosa-9,12,15,18,21-all-cis-pentaenoyl-CoA
3,3,5-triiodo-L-thyronine-beta-D-glucuronoside
3,3,5-triiodo-L-thyronine-beta-D-glucuronoside
3,3-diiodo-L-thyronine
3,3-diiodo-L-thyronine
3,3-diiodo-L-thyronine-4-O-sulfate
3,3-diiodo-L-thyronine-beta-D-glucuronoside
3,3-diiodo-L-thyronine-beta-D-glucuronoside
3,4-dihydro-1,4-benzothiazine-3-carboxylate
3,4-dihydroxy-5-all-trans-decaprenylbenzoate
3,4-epoxynonanal
3,5,3,5-tetraiodo-L-thyronine-beta-D-glucuronoside
3,5,3,5-tetraiodo-L-thyronine-beta-D-glucuronoside
3,5,3-triiodo-L-thyronine-beta-D-glucuronoside
3,5,3-triiodo-L-thyronine-beta-D-glucuronoside
3,5-dihydroxy-3,4-dihydro-1,4-benzothiazine
3,5-diiodo-L-thyronine
3,5-diiodo-L-thyronine
3,5-diiodo-L-thyronine-4-O-sulfate
3,5-diiodo-L-thyronine-beta-D-glucuronoside
3,5-diiodo-L-thyronine-beta-D-glucuronoside
3,5-dioxo-12(R)-hydroxy-eicosa-(8E,10E,14Z)-trienoyl-CoA
3,5-dioxo-12(S)-hydroxy-eicosa-(8E,10E,14Z)-trienoyl-CoA
3-decaprenyl-4-hydroxybenzoate
3-demethylubiquinol-10
3-deoxy-D-glycero-D-galacto-2-nonulosonic acid-9-phosphate
3-hydroxydocosanoyl-CoA
3-hydroxyeicosanoyl-CoA
3-hydroxyheneicosanoyl-CoA
3-hydroxyhexacosanoyl-CoA
3-hydroxynonadecanoyl-CoA
3-hydroxyoctadecanoyl-CoA
3-hydroxytetracosanoyl-CoA
3-hydroxytricosanoyl-CoA
3-keto-eicosa-8,11,14,17-all-cis-tetraenoyl-CoA
3-methoxy-4-hydroxy-5-all-trans-decaprenylbenzoate
3-methylcrotonoylglycine
3-monoiodo-L-thyronine
3-monoiodo-L-thyronine
3-monoiodo-L-thyronine-4-O-sulfate
3-oxo-10(R)-hydroxy-octadeca-(6E,8E,12Z)-trienoyl-CoA
3-oxo-10(S)-hydroxy-octadeca-(6E,8E,12Z)-trienoyl-CoA
3-oxo-11cis-docosenoyl-CoA
3-oxo-11-cis-eicosenoyl-CoA
3-oxo-13cis-docosenoyl-CoA
3-oxo-13-cis-eicosenoyl-CoA
3-oxo-9-cis-eicosenoyl-CoA
3-oxo-cis-15-tetracosaenoyl-CoA
3-oxo-dihomo-gamma-linolenoyl-CoA
3-oxodocasa-cis,cis-13,16-dienoyl-CoA
3-oxo-docosa-10,13,16,19-all-cis-tetraenoyl-CoA
3-oxo-docosa-13,16,19-all-cis-trienoyl-CoA
3-oxo-docosa-7,10,13,16,19-all-cis-pentaenoyl-CoA
3-oxo-docosa-7,10,13,16-all-cis-tetraenoyl-CoA
3-oxo-docosa-cis,cis,cis-10,13,16-trienoyl-CoA
3-oxodocosanoyl-CoA
3-oxoeicosa-cis,cis,cis-11,14,17-trienoyl-CoA
3-oxoeicosa-cis,cis-11,14-dienoyl-CoA
3-oxo-eicosadienoyl-CoA
3-oxoeicosanoyl-CoA
3-oxoheneicosanoyl-CoA
3-oxohexacosanoyl-CoA
3-oxo-hexacosenoyl-CoA
3-oxononadecanoyl-CoA
3-oxo-tetracosa-12,15,18,21-all-cis-tetraenoyl-CoA
3-oxo-tetracosa-9,12,15,18,21-all-cis-pentaenoyl-CoA
3-oxo-tetracosa-9,12,15,18-all-cis-tetraenoyl-CoA
3-oxotetracosanoyl-CoA
3-oxotricosanoyl-CoA
4-(2-amino-3-hydroxyphenyl)-4-oxobutanoic acid-O-glucoside
4,6,7-trihydroxy-1,2,3,4-tetrahydroisoquinoline
4-hydroperoxy-2-nonenal
4-hydroperoxy-H4-neuroprostane
4-hydroxy-3-nitrophenylacetate
4-hydroxy-all-trans-retinoate
4-hydroxy-all-trans-retinoate
4-hydroxy-all-trans-retinyl-acetate
4-hydroxy-all-trans-retinyl-acetate
4-hydroxy-D4-neuroprostane
4-hydroxy-E4-neuroprostane
4-hydroxyvitamin A1
4-hydroxyvitamin A1
4-methylpentan-1-ol
4-OH-13-cis-retinal
4-OH-13-cis-retinal
4-oxo-13-cis-retinoate
4-oxo-13-cis-retinoate
4-oxo-9-cis-retinoate
4-oxo-9-cis-retinoate
4-oxo-9-cis-retinoyl-beta-glucuronide
4-oxo-9-cis-retinoyl-beta-glucuronide
4-oxo-all-trans-retinoate
4-oxo-all-trans-retinoate
5(S),6(S)-epoxy-15(R)-HEPE
5(S),6(S)-epoxy-15(R)-HEPE
5(S)-HpEPE
5-(S-L-cysteinyl)-dopaquinone
5,12,18R-TriHEPE
5,12-dihydroxy-(6E)-LTB5
5,6-epoxy,(18R)-HEPE
5,6-epoxy-13-cis-retinoate
5,6-epoxy-13-cis-retinoate
5,6-epoxytetraene
5,6-epoxytetraene
5,6-epoxytetraene
5,6-epoxytetraene
5,8-epoxy-13-cis-retinoate
5,9,11-trihydroxyprosta-(6E,14Z)-dien-1-oate
5,9-cyclo-6,8,12-trihydroxy-(10E,14Z)-eicosadienoic acid
5,9-cyclo-6,8-cycloperoxy-12-hydroperoxy-(10E,14Z)-eicosadienoate
5-androstene-3,17-dione
5beta-cholestane-3alpha,7alpha,12alpha,23,25-pentol
5-carboxy-gamma-chromanol
5-hydroxy-omeprazole
5-hydroxy-omeprazole
5-L-gamma-glutamyl
5-nitro-gamma-tocopherol
5-oxo-(6E)-12-epi-LTB4
5-oxo-(6E)-12-epi-LTB4
5-oxo-12(R)-hydroxy-eicosa-(2E,8E,10E,14Z)-tetraenoyl-CoA
5-oxo-12(R)-hydroxy-eicosa-(8E,10E,14Z)-trienoyl-CoA
5-oxo-12(S)-hydroxy-eicosa-(2E,8E,10E,14Z)-tetraenoyl-CoA
5-oxo-12(S)-hydroxy-eicosa-(8E,10E,14Z)-trienoyl-CoA
5-oxo-6-trans-LTB4
5-oxo-6-trans-LTB4
5-oxo-6-trans-LTB4
6,7-dihydro-12-epi-LTB4
6,7-dihydro-12-epi-LTB4
6,7-dihydro-5-oxo-12-epi-LTB4
6,7-dihydro-5-oxo-LTB4
6,7-dihydro-LTB4
6-hydroxy-1,2,3,4-tetrahydro-beta-carboline
6-hydroxymelatonin-sulfate
6-methoxy-3-methyl-2-all-trans-decaprenyl-1,4-benzoquinol
6-oxo-prostaglandin F1alpha
6-oxo-prostaglandin F1alpha
7-hydroperoxy-H4-neuroprostane
7-hydroxy-D4-neuroprostane
7-hydroxy-E4-neuroprostane
7-peroxy-docosahexaenoate
8alpha-hydroxy-gamma-tocopherone
8alpha-hydroxytocopherone
8-peroxy-(5Z,9E,11Z,14Z)-eicosatetraenoate
8-peroxy-docosahexaenoate
9,10-12,13-diepoxy-octadecanoate
9,11,15-trihydroxyprosta-(5Z,13E)-dien-1-oate
9,11-cycloperoxy-15-hydroperoxy-(5Z,13E)-eicosadienoate
9,11-cycloperoxy-5-hydroperoxy-(6E,14Z)-eicosadienoate
9,13-cis-retinoate
9-cis-4-oxo-13,14-dihydro-retinoate
9-cis-retinoate
9-cis-retinol
9-cis-retinoyl-beta-D-glucuronide
9-cis-retinoyl-beta-D-glucuronide
9-hydroxy-10-O-D-glucuronoside-(12Z)-octadecenoate
9-hydroxy-10-O-D-glucuronoside-(12Z)-octadecenoate
9-hydroxyoctadecadienoate
9-O-acetylated-GD3
9-O-acetylated-GD3
9-O-acetylated-GT3
chondroitin sulfate A (GalNAc4S-GlcA) and B (IdoA2S-GalNAc4S), precursor 2
9-O-acetylated-GT3
9-peroxy-(5Z,7E,11Z,14Z)-eicosatetraenoate
A2PE
A2PE-H2
acetylcarnosine
chondroitin sulfate A (GalNAc4S-GlcA) and B (IdoA2S-GalNAc4S), precursor 3
chondroitin sulfate A (GalNAc4S-GlcA) proteoglycan
chondroitin sulfate A (GalNAc4S-GlcA), B (IdoA2S-GalNAc4S), and E (GalNAc4,6diS-GlcA), precursor 1
activated sulphur
activation-ppara
activation-ppara
activation-ppara
activation-ppara
activation-ppara
activation-ppara
chondroitin sulfate B - dermatan sulfate (IdoA2S-GalNAc4S) proteoglycan
adrenochrome-O-semiquinone
albumin
all-trans-decaprenyl-diphosphate
all-trans-decaprenyl-diphosphate
alpha-GalNAc-globoside
chondroitin sulfate B (IdoA2S-GalNAc4S), precursor 4
alpha-hydroxyisocaproic acid
alpha-tocopheryl hydroquinone
alpha-tocopheryl quinone
alpha-tocotrienoxyl radical
aminochrome-O-semiquinone
androsterone sulfate
anhydroretinol
antichymotrypsin
antichymotrypsin
antitrypsin
antitrypsin
APE
apelin-(1-12)
apelin-13
apoA1
apoA1
apoB100
apoB100
apoB100
apoB48
apoC1
apoC1
apoC2
apoC2
apoC3
apoC3
apoC-lys
apoE
apoE
apoE
benzothiazine
beta-casomorphin (1-6)
beta-casomorphin
beta-GalNAc-globoside
chondroitin sulfate B (IdoA2S-GalNAc4s), precursor 5
beta-hydroxy-beta-methylbutyrate
cholesterol-STAR
cholesterol-STAR
chondroitin sulfate C (GalNAc6S-GlcA) and D (GlcNAc6S-GlcA2S), precursor 1
chondroitin sulfate C (GalNAc6S-GlcA) proteoglycan
chondroitin sulfate C (GalNAc6S-GlcA), precursor 2
chondroitin sulfate A (GalNAc4S-GlcA) proteoglycan
chondroitin sulfate C (GalNAc6S-GlcA), precursor 3
chondroitin sulfate D (GlcNAc6S-GlcA2S) precursor 2
chondroitin sulfate B - dermatan sulfate (IdoA2S-GalNAc4S) proteoglycan
chondroitin sulfate D (GlcNAc6S-GlcA2S) proteoglycan
chondroitin sulfate D (GlcNAc6S-GlcA2S), precursor 3
chondroitin sulfate D (GlcNAc6S-GlcA2S), precursor 4
chondroitin sulfate D (GlcNAc6S-GlcA2S), precursor 5
chondroitin sulfate C (GalNAc6S-GlcA) proteoglycan
chondroitin sulfate E (GalNAc4,6diS-GlcA) proteoglycan
chondroitin sulfate E (GalNAc4,6diS-GlcA), precursor 2
chondroitin sulfate E (GalNAc4,6diS-GlcA), precursor 3
chondroitin sulfate E (GalNAc4,6diS-GlcA), precursor 4
chondroitin sulfate D (GlcNAc6S-GlcA2S) proteoglycan
chondroitin sulfate E (GalNAc4,6diS-GlcA), precursor 5a
chondroitin sulfate E (GalNAc4,6diS-GlcA), precursor 5b
chondroitin sulfate precursor (GalNAc-GlcA-(Gal)2-Xyl-L-Ser (protein))
chondroitin sulfate E (GalNAc4,6diS-GlcA) proteoglycan
chylomicron remnant
chylomicron remnant
chylomicron
core 5
core 5
core 5
core 6
core 7
core 7
core 7
core 8
core 8
core 8
cyclic-3-hydroxymelatonin
de-Fuc form of PA6
dehydrospermidine
delta-12-prostaglandin J2
dem2emgacpail_prot heparan sulfate
dem2emgacpail_prot heparan sulfate
dem2emgacpail_prot heparan sulfate
deoxyhypusine
disialylgalactosylgloboside
disialylgalactosylgloboside
disialylgalactosylgloboside
dopachrome-O-semiquinone
dynorphin A-(1-5)
dynorphin A-(1-8)
dynorphin A-(6-8)
eicosa-(2E,8Z,11Z,14Z,17Z)-pentaenoyl-CoA
em2emgacpail_prot heparan sulfate
estrone-3,4-semiquinone
F1alpha
fatty acid-chylomicron pool
fatty acid-ligands
fructose-3-phosphate
fructoseglycine-ketone-3-phosphate
fructoselysine-3-phosphate
fucacgalfucgalacglcgalgluside heparan sulfate
fucfuc132galacglcgal14acglcgalgluside heparan sulfate
fucacgalfucgalacglcgalgluside heparan sulfate
fucfuc132galacglcgal14acglcgalgluside heparan sulfate
fucfucfucgalacglc13galacglcgal14acglcgalgluside heparan sulfate
fucfuc132galacglcgal14acglcgalgluside heparan sulfate
fucfucfucgalacglc13galacglcgal14acglcgalgluside heparan sulfate
fucfucfucgalacglcgal14acglcgalgluside heparan sulfate
fucfucfucgalacglc13galacglcgal14acglcgalgluside heparan sulfate
fucfucfucgalacglcgal14acglcgalgluside heparan sulfate
fucfucfucgalacglcgal14acglcgalgluside heparan sulfate
fucfucgalacglc13galacglcgal14acglcgalgluside heparan sulfate
fucfucgalacglcgal14acglcgalgluside heparan sulfate
fucfucgalacglcgalacglcgal14acglcgalgluside heparan sulfate
fucgalacgalfucgalacglcgal14acglcgalgluside heparan sulfate
fucgalfucgalacglcgalgluside heparan sulfate
fucgalacglc13galacglcgal14acglcgalgluside heparan sulfate
fucgalfucgalacglcgalgluside heparan sulfate
fucosyl-galactosylgloboside
fucgalfucgalacglcgalgluside heparan sulfate
fucosyl-galactosylgloboside
fucosyl-galactosylgloboside
galacgalfuc12gal14acglcgalgluside heparan sulfate
galfuc12gal14acglcgalgluside heparan sulfate
galacgalfucgalacglcgal14acglcgalgluside heparan sulfate
galfuc12gal14acglcgalgluside heparan sulfate
galfucgalacglcgal14acglcgalgluside heparan sulfate
galfucgalacglcgal14acglcgalgluside heparan sulfate
galgalfucfucgalacglcgalacglcgal14acglcgalgluside heparan sulfate
galfuc12gal14acglcgalgluside heparan sulfate
galgalfucfucgalacglcgalacglcgal14acglcgalgluside heparan sulfate
galgalgalthcrm heparan sulfate
galfucgalacglcgal14acglcgalgluside heparan sulfate
galgalgalthcrm heparan sulfate
galgalfucfucgalacglcgalacglcgal14acglcgalgluside heparan sulfate
gal-glcnac-gal-globoside
galgalgalthcrm heparan sulfate
gal-glcnac-gal-globoside
galgalthcrm heparan sulfate
gal-glcnac-gal-globoside
gamma-L-glutamyl-L-alanine
gamma-tocopheroxyl-radical
gamma-tocopheryl-quinone
galthcrm heparan sulfate
GD1beta
GD1beta
GD1alpha
glcnac-alpha-1,4-core 2
glcnac-alpha-1,4-core 2
GD1beta
glycinamide
glycolipid
glycolipid
GM2A
GP1c
GP1c
GP1calpha
glcnac-alpha-1,4-core 1
GP1calpha
glcnac-alpha-1,4-core 2
glcnac-gal-globoside
haptoglobin
haptoglobin
HDL remnant
HDL remnant
HDL
HDL
glucosyl-(alpha-D-mannosyl)6-beta-D-mannosyl-diacetylchitobiosyl-L-asparagine (protein)
heparan sulfate proteoglycan
glucosyl-(alpha-D-mannosyl)7-beta-D-mannosyl-diacetylchitobiosyl-L-asparagine, isoform B (protein)
glucosyl-(alpha-D-mannosyl)7-beta-D-mannosyl-diacetylchitobiosyl-L-asparagine, isoform C (protein)
glycolipid
GM1alpha
GM2alpha
GP1c
GP1calpha
heptaglutamyl-folate(THF)
heptaglutamyl-folate(THF)
heptaglutamyl-folate(THF)
hexaglutamyl-folate(DHF)
hexaglutamyl-folate(DHF)
hexaglutamyl-folate(DHF)
hexaglutamyl-folate(THF)
hexaglutamyl-folate(THF)
hexaglutamyl-folate(THF)
histidyl-prolinamide
hydroxyl radical
hydroxylated-ebastine
hydroxylated-ebastine
hydroxylated-ebastine
hydroxy-nifedipine
hydroxy-nifedipine
iso-A2E(11-cis)
iso-A2E(13-cis)
iso-A2E(9,13-di-cis)
iso-A2E(9-cis)
isobutyrylglycine
isovalerylglycine
IV3Neu5Ac,III4Fuc-Lc4Cer
IV3Neu5Ac,III4Fuc-Lc4Cer
heparan sulfate proteoglycan
heparan sulfate, precursor 1
heparan sulfate, precursor 10
heparan sulfate, precursor 11
heparan sulfate, precursor 12
heparan sulfate, precursor 13
heparan sulfate, precursor 14
heparan sulfate, precursor 15
heparan sulfate, precursor 2
heparan sulfate, precursor 3
heparan sulfate, precursor 4
heparan sulfate, precursor 5
heparan sulfate, precursor 6
heparan sulfate, precursor 7
heparan sulfate, precursor 8
heparan sulfate, precursor 9
IV3Neu5Ac,III4Fuc-Lc4Cer
keratan sulfate I biosynthesis, precursor 1
keratan sulfate I biosynthesis, precursor 10
keratan sulfate I biosynthesis, precursor 11
keratan sulfate I biosynthesis, precursor 12
keratan sulfate I biosynthesis, precursor 13
keratan sulfate I biosynthesis, precursor 14
keratan sulfate I biosynthesis, precursor 15
keratan sulfate I biosynthesis, precursor 16
keratan sulfate I biosynthesis, precursor 17
keratan sulfate I biosynthesis, precursor 18
keratan sulfate I biosynthesis, precursor 19
keratan sulfate I, degradation product 1
keratan sulfate I
keratan sulfate I biosynthesis, precursor 2
keratan sulfate II (core 2-linked)
keratan sulfate I biosynthesis, precursor 20
keratan sulfate I biosynthesis, precursor 21
keratan sulfate I biosynthesis, precursor 22
keratan sulfate I biosynthesis, precursor 23
keratan sulfate I biosynthesis, precursor 24
keratan sulfate I biosynthesis, precursor 25
keratan sulfate I biosynthesis, precursor 26
keratan sulfate I biosynthesis, precursor 27
keratan sulfate I biosynthesis, precursor 28
keratan sulfate I biosynthesis, precursor 29
keratan sulfate I biosynthesis, precursor 3
keratan sulfate II (core 4-linked)
keratan sulfate I biosynthesis, precursor 30
keratan sulfate I biosynthesis, precursor 31
keratan sulfate I biosynthesis, precursor 32
keratan sulfate I biosynthesis, precursor 33
keratan sulfate I biosynthesis, precursor 34
keratan sulfate I biosynthesis, precursor 35
keratan sulfate I biosynthesis, precursor 36
keratan sulfate I biosynthesis, precursor 4
keratan sulfate I biosynthesis, precursor 5
keratan sulfate I biosynthesis, precursor 6
kinetensin 1-3
kinetensin 1-7
kinetensin 1-8
kinetensin 4-8
kinetensin
kinetensin
keratan sulfate I biosynthesis, precursor 7
keratan sulfate I biosynthesis, precursor 8
lacto-N-fucopentaosyl-III-ceramide
keratan sulfate I biosynthesis, precursor 9
lacto-N-fucopentaosyl-III-ceramide
LDL remnant
LDL remnant
LDL
LDL
leukoaminochrome
leukotriene C5
leukotriene D5
LPL
LPL
LPL
lysyl-proline
m3gacpail_prot heparan sulfate
m3gacpail_prot heparan sulfate
m3gacpail_prot heparan sulfate
maltoheptaose
maltononaose
maltopentaose
melatonin radical
N,N-dimethyldopaminequinone
N,N-dimethylindoliumolate
N1,N8-diacetylspermidine
keratan sulfate II (core 2-linked)
keratan sulfate II (core 4-linked), biosynthesis, precursor 1
keratan sulfate II (core 4-linked), biosynthesis, precursor 10
keratan sulfate II (core 4-linked), biosynthesis, precursor 2
n5m2masn
keratan sulfate II (core 4-linked), biosynthesis, precursor 3
n5m2masn
keratan sulfate II (core 4-linked), biosynthesis, precursor 4
N-acetyl-5-methoxykynuramine
N-acetyl-L-alanine
N-acetyl-L-alanine
N-acetyl-L-asparagine
N-acetyl-L-asparagine
N-acetyl-L-cystathionine
N-acetyl-L-cysteine
N-acetyl-LTE4
N-acetyl-LTE4
N-acetyl-S-[2-carboxy-1-(1H-imidazol-4-yl)ethyl]-L-cysteine
N-acetyl-seryl-aspartate
N-acetyl-seryl-aspartyl-lysyl-proline
N-arachidonoylglycine
NEFA blood pool in
NEFA blood pool out
neocasomorphin (1-5)
neocasomorphin
neuromedin B(1-3)
neuromedin B(4-10)
neuromedin B
neuromedin N(1-4)
neuromedin N
neurotensin 1-10
neurotensin 11-13
nitrosoperoxycarbonate
keratan sulfate II (core 4-linked), biosynthesis, precursor 5
keratan sulfate II (core 4-linked), biosynthesis, precursor 6
keratan sulfate II (core 4-linked), biosynthesis, precursor 7
keratan sulfate II (core 4-linked), biosynthesis, precursor 8
keratan sulfate II (core 4-linked), biosynthesis, precursor 9
N-methyl-4,6,7-trihydroxy-1,2,3,4-tetrahydroisoquinoline
noladin-ether
noradrenochrome-O-semiquinone
N-retinylidene-N-retinylethanolamine
O2-4a-cyclic-tetrahydrobiopterin
O2-4a-cyclic-tetrahydrobiopterin
octanoate radical
O-methylhippurate
oxytocin 1-8
keratan sulfate II (core 4-linked)
pentaglutamyl-folate(DHF)
pentaglutamyl-folate(DHF)
pentaglutamyl-folate(DHF)
pentaglutamyl-folate(THF)
pentaglutamyl-folate(THF)
pentaglutamyl-folate(THF)
pentyl radical
keratan sulfate II biosynthesis, precursor 1
plasminogen
plasminogen
PPARA
PPARA
PPARA
pregn-5-ene-3,20-dione
pregn-5-ene-3,20-dione-17-ol
prostaglandin-PGB2-glyceryl ester
prostaglandin-PGE2-1-glyceryl ester
prostaglandin-PGE2-3-glyceryl ester
prostaglandin-PGE2-glyceryl ester
prothrombin
prothrombin
quinonoid dihydrobiopterin
quinonoid dihydrobiopterin
rac-4-hydroxy-4-O-(beta-D-glucuronide)-all-trans-retinoate
rac-4-hydroxy-4-O-(beta-D-glucuronide)-all-trans-retinoate
rac-4-hydroxy-4-O-(beta-D-glucuronide)-all-trans-retinyl-acetate
rac-4-hydroxy-4-O-(beta-D-glucuronide)-all-trans-retinyl-acetate
rac-5,6-epoxy-retinoyl-beta-D-glucuronide
rac-5,6-epoxy-retinoyl-beta-D-glucuronide
retinyl palmitate
S-[2-carboxy-1-(1H-imidazol-4-yl)ethyl]-3-thiolactate
S-[2-carboxy-1-(1H-imidazol-4-yl)ethyl]glutathione
S-[2-carboxy-1-(1H-imidazol-4-yl)ethyl]-L-cysteine
sialyl(1,3)-sialyl(2,6)-galactosylgloboside
keratan sulfate II biosynthesis, precursor 10
sialyl(1,3)-sialyl(2,6)-galactosylgloboside
sialyl(2,3)-sialyl(2,6)-galactosylgloboside
keratan sulfate II biosynthesis, precursor 2
sialyl(2,3)-sialyl(2,6)-galactosylgloboside
keratan sulfate II biosynthesis, precursor 3
keratan sulfate II biosynthesis, precursor 4
SMCFA-blood-pool
somatostatin fragment 3-14
somatostatin
sorbitol-3-phosphate
spermic acid 1
spermidine dialdehyde
spermidine dialdehyde
spermidine dialdehyde
spermidine monoaldehyde 1
spermidine monoaldehyde 1
spermidine monoaldehyde 1
spermidine monoaldehyde 2
spermidine monoaldehyde 2
spermidine monoaldehyde 2
spermine dialdehyde
spermine dialdehyde
spermine dialdehyde
spermine monoaldehyde
spermine monoaldehyde
spermine monoaldehyde
STAR
STAR
STAR
starch structure 1
starch structure 2
sulfatide galactocerebroside
keratan sulfate II biosynthesis, precursor 5
keratan sulfate II biosynthesis, precursor 6
trans,cis,cis,cis,cis-2,10,13,16,19-docosapentaenoyl-CoA
trans,cis,cis,cis,cis-2,12,15,18,21-tetracosapentaenoyl-CoA
trans,cis,cis,cis-2,10,13,16-docosatetraenoyl-CoA
trans,cis,cis,cis-2,11,14,17-eicosatetraenoyl-CoA
trans,cis,cis,cis-2,13,16,19-docosatetraenoyl-CoA
trans,cis,cis-2,11,14-eicosatrienoyl-CoA
trans,cis,cis-2,13,16-docasatrienoyl-CoA
trans,cis-2,11-docosadienoyl-CoA
trans,cis-2,11-eicosadienoyl-CoA
trans,cis-2,13-docosadienoyl-CoA
trans,cis-2,13-eicosadienoyl-CoA
trans,cis-2,15-tetracosadienoyl-CoA
trans,cis-2,17-hexacosadienoyl-CoA
trans,cis-2,8,11-eicosatrienoyl-CoA
trans,cis-2,9-eicosadienoyl-CoA
trans-2-cis,cis,cis-8,11,14-eicosatetraenoyl-CoA
trans-4,5-epoxy-(2E)-decenal
tricosanoyl-CoA
keratan sulfate II biosynthesis, precursor 7
keratan sulfate II biosynthesis, precursor 8
keratan sulfate II biosynthesis, precursor 9
lactoneotetraosylceramide
lacto-N-fucopentaosyl-III-ceramide
urate radical
VLDL remnant
VLDL remnant
VLDL
VLDL
xanthurenate-8-O-beta-D-glucoside
10-formyl-THF-glu(5)
10-formyl-THF-glu(6)
10-formyl-THF-glu(7)
14-hydroxytetradecanoic acid
24R,25-dihyoxyvitamin D2
5-hydroxy-omeprazole
9-O-acetylated-GD3
9-O-acetylated-GT3
albumin
apoC-lys
butyrate
chitin-component
chylomicron remnant
chylomicron
core 5
core 7
core 8
dem2emgacpail_prot heparan sulfate
disialylgalactosylgloboside
fucacgalfucgalacglcgalgluside heparan sulfate
fucfuc132galacglcgal14acglcgalgluside heparan sulfate
fucfucfucgalacglc13galacglcgal14acglcgalgluside heparan sulfate
fucfucfucgalacglcgal14acglcgalgluside heparan sulfate
fucgalfucgalacglcgalgluside heparan sulfate
fucosyl-galactosylgloboside
galfuc12gal14acglcgalgluside heparan sulfate
galfucgalacglcgal14acglcgalgluside heparan sulfate
galgalfucfucgalacglcgalacglcgal14acglcgalgluside heparan sulfate
galgalgalthcrm heparan sulfate
gal-glcnac-gal-globoside
GD1beta
glcnac-alpha-1,4-core 2
glycolipid
GP1c
GP1calpha
HDL remnant
HDL
heptaglutamyl-folate(THF)
hexaglutamyl-folate(DHF)
hexaglutamyl-folate(THF)
hydroxylated-ebastine
hydroxy-nifedipine
IV3Neu5Ac,III4Fuc-Lc4Cer
keratan sulfate II (core 2-linked)
keratan sulfate II (core 4-linked)
lacto-N-fucopentaosyl-III-ceramide
LDL remnant
LDL
LPL
m3gacpail_prot heparan sulfate
maltodecaose
n5m2masn
octanoic acid
pentaglutamyl-folate(DHF)
pentaglutamyl-folate(THF)
propanoate
sialyl(1,3)-sialyl(2,6)-galactosylgloboside
sialyl(2,3)-sialyl(2,6)-galactosylgloboside
spermine dialdehyde
sphingosylphosphorylcholine
starch structure 1
starch structure 2
VLDL remnant
VLDL
cholesterol-ester pool
temp
19-hydroxytestosterone
beta-carotene
5-L-gamma-glutamyl
10,13,16-docosatriynoic acid
7-palmitoleic acid
8,11-eicosadienoic acid
cholesterol-ester-10-hepta
cholesterol-ester-11,14-eicosa
cholesterol-ester-11-eico
cholesterol-ester-13,16-docosa
cholesterol-ester-13-docose
cholesterol-ester-15-tetra
cholesterol-ester-4,7,10,13,16,19-doco
cholesterol-ester-5,8,11,14,17-eico
cholesterol-ester-7,10,13,16,19-docosa
cholesterol-ester-7,10,13,16-docosa
cholesterol-ester-9-tetrade
cholesterol-ester-dihomo-gamma
cholesterol-ester-docosa
cholesterol-ester-eico
cholesterol-ester-hepta
cholesterol-ester-laur
cholesterol-ester-myrist
cholesterol-ester-nanode
cholesterol-ester-penta
chondroitin sulfate A (GalNAc4S-GlcA) proteoglycan
n3m2masn
n4m2masn
n5m2masn
nm2masn
nm4masn
sialyl(1,3)-sialyl(2,6)-galactosylgloboside
sialyl(2,3)-sialyl(2,6)-galactosylgloboside
sialyl-galactosylgloboside
sulfatide galactocerebroside
type I H glycolipid
type II H glycolipid
heparan sulfate proteoglycan
PGH3
(10Z)-heptadecenoic acid
(13Z)-eicosenoic acid
(13Z)-octadecenoic acid
(6Z,9Z)-octadecadienoic acid
(6Z,9Z,12Z,15Z,18Z)-TPA
(7Z)-octadecenoic acid
(9E)-tetradecenoic acid
(9Z,12Z,15Z,18Z)-TTA
(9Z,12Z,15Z,18Z,21Z)-TPA
10,13,16,19-docosatetraenoic acid
10-formyl-THF-glu(5)
10-formyl-THF-glu(6)
10-formyl-THF-glu(7)
12,15,18,21-tetracosatetraenoic acid
17beta-estradiol-2,3-semiquinone
17beta-estradiol-3,4-semiquinone
albumin
alpha-GalNAc-globoside
antichymotrypsin
antitrypsin
apoA1
beta-GalNAc-globoside
cholesterol-ester-10,13,16,19-docosa
cholesterol-ester-10,13,16-docosa
cholesterol-ester-11,14,17-eico
cholesterol-ester-11-docose
cholesterol-ester-12,15,18,21-tetracosa
cholesterol-ester-13,16,19-doco
cholesterol-ester-13-eicose
cholesterol-ester-13-octade
cholesterol-ester-4,7,10,13,16-docosa
cholesterol-ester-5,8,11-eico
cholesterol-ester-5-tetra
cholesterol-ester-6,9,12,15,18,21-tetra
cholesterol-ester-6,9,12,15,18-tetraco
cholesterol-ester-6,9,12,15-octa
cholesterol-ester-6,9-octa
cholesterol-ester-7-hexa
cholesterol-ester-7-octade
cholesterol-ester-7-tetrade
cholesterol-ester-8,11,14,17-eico
cholesterol-ester-8,11-eico
cholesterol-ester-9,12,15,18,21-tetra
cholesterol-ester-9,12,15,18-tetraco
cholesterol-ester-9-eicose
cholesterol-ester-9-heptade
cholesterol-ester-9-octa
cholesterol-ester-arach
cholesterol-ester-cis-vac
cholesterol-ester-gamma-lin
cholesterol-ester-heneico
cholesterol-ester-hexacosa
cholesterol-ester-hexecose
cholesterol-ester-linolen
cholesterol-ester-palmn
cholesterol-ester-stea
cholesterol-ester-tetraco
cholesterol-ester-trico
cholesterol-ester-tridec
chondroitin sulfate A (GalNAc4S-GlcA), degradation product 1
chondroitin sulfate A (GalNAc4S-GlcA), degradation product 2
chondroitin sulfate A (GalNAc4S-GlcA), degradation product 3
chondroitin sulfate A (GalNAc4S-GlcA), degradation product 4
chondroitin sulfate A (GalNAc4S-GlcA), degradation product 5
chondroitin sulfate A (GalNAc4S-GlcA), free chain
chondroitin sulfate B - dermatan sulfate (IdoA2S-GalNAc4S) proteoglycan
chondroitin sulfate B - dermatan sulfate (IdoA2S-GalNAc4S), degradation product 1
chondroitin sulfate B - dermatan sulfate (IdoA2S-GalNAc4S), degradation product 2
chondroitin sulfate B - dermatan sulfate (IdoA2S-GalNAc4S), degradation product 3
chondroitin sulfate B - dermatan sulfate (IdoA2S-GalNAc4S), free chain
chondroitin sulfate C (GalNAc6S-GlcA) proteoglycan
chondroitin sulfate C (GalNAc6S-GlcA), degradation product 1
chondroitin sulfate C (GalNAc6S-GlcA), degradation product 2
chondroitin sulfate C (GalNAc6S-GlcA), degradation product 3
chondroitin sulfate C (GalNAc6S-GlcA), degradation product 4
chondroitin sulfate C (GalNAc6S-GlcA), degradation product 5
chondroitin sulfate C (GalNAc6S-GlcA), free chain
chondroitin sulfate D (GlcNAc6S-GlcA2S) proteoglycan
chondroitin sulfate D (GlcNAc6S-GlcA2S), degradation product 1
chondroitin sulfate D (GlcNAc6S-GlcA2S), degradation product 2
chondroitin sulfate D (GlcNAc6S-GlcA2S), degradation product 3
chondroitin sulfate D (GlcNAc6S-GlcA2S), degradation product 4
chondroitin sulfate D (GlcNAc6S-GlcA2S), degradation product 5
chondroitin sulfate D (GlcNAc6S-GlcA2S), degradation product 6
chondroitin sulfate D (GlcNAc6S-GlcA2S), free chain
chondroitin sulfate E (GalNAc4,6diS-GlcA) proteoglycan
chondroitin sulfate E (GalNAc4,6diS-GlcA), degradation product 1
chondroitin sulfate E (GalNAc4,6diS-GlcA), degradation product 2
chondroitin sulfate E (GalNAc4,6diS-GlcA), degradation product 3
chondroitin sulfate E (GalNAc4,6diS-GlcA), degradation product 4
chondroitin sulfate E (GalNAc4,6diS-GlcA), degradation product 5
chondroitin sulfate E (GalNAc4,6diS-GlcA), degradation product 6
chondroitin sulfate E (GalNAc4,6diS-GlcA), degradation product 7
chondroitin sulfate E (GalNAc4,6diS-GlcA), free chain
core 6
de-Fuc form of PA6 (wo peptide linkage)
de-Fuc form of PA6
de-Fuc, GlcNAc removed PA6 (wo peptide linkage)
estrone-2,3-semiquinone
estrone-3,4-semiquinone
F1alpha
GM2A
GM2A-GM2
haptoglobin
heparan sulfate proteoglycan
heparan sulfate, degradation product 1
heparan sulfate, degradation product 10
heparan sulfate, degradation product 11
heparan sulfate, degradation product 12
heparan sulfate, degradation product 13
heparan sulfate, degradation product 14
heparan sulfate, degradation product 15
heparan sulfate, degradation product 16
heparan sulfate, degradation product 17
heparan sulfate, degradation product 18
heparan sulfate, degradation product 19
heparan sulfate, degradation product 2
heparan sulfate, degradation product 20
heparan sulfate, degradation product 21
heparan sulfate, degradation product 22
heparan sulfate, degradation product 23
heparan sulfate, degradation product 24
heparan sulfate, degradation product 25
heparan sulfate, degradation product 3
heparan sulfate, degradation product 4
heparan sulfate, degradation product 5
heparan sulfate, degradation product 6
heparan sulfate, degradation product 7
heparan sulfate, degradation product 8
heparan sulfate, degradation product 9
heptaglutamyl-folate(THF)
hexaglutamyl-folate(DHF)
hexaglutamyl-folate(THF)
hyaluronan degradation product 1
keratan sulfate I, degradation product 1
keratan sulfate I, degradation product 10
keratan sulfate I, degradation product 11
keratan sulfate I, degradation product 12
keratan sulfate I, degradation product 13
keratan sulfate I, degradation product 14
keratan sulfate I, degradation product 15
keratan sulfate I, degradation product 16
keratan sulfate I, degradation product 17
keratan sulfate I, degradation product 18
keratan sulfate I, degradation product 19
keratan sulfate I, degradation product 2
keratan sulfate I, degradation product 20
keratan sulfate I, degradation product 21
keratan sulfate I, degradation product 22
keratan sulfate I, degradation product 23
keratan sulfate I, degradation product 24
keratan sulfate I, degradation product 25
keratan sulfate I, degradation product 26
keratan sulfate I, degradation product 27
keratan sulfate I, degradation product 28
keratan sulfate I, degradation product 29
keratan sulfate I, degradation product 3
keratan sulfate I, degradation product 30
keratan sulfate I, degradation product 31
keratan sulfate I, degradation product 32
keratan sulfate I, degradation product 33
keratan sulfate I, degradation product 34
keratan sulfate I, degradation product 35
keratan sulfate I, degradation product 36
keratan sulfate I, degradation product 37
keratan sulfate I, degradation product 38
keratan sulfate I, degradation product 39
keratan sulfate I, degradation product 4
keratan sulfate I, degradation product 40
keratan sulfate I, degradation product 41
keratan sulfate I, degradation product 5
keratan sulfate I, degradation product 6
keratan sulfate I, degradation product 7
keratan sulfate I, degradation product 8
keratan sulfate I, degradation product 9
keratan sulfate I
keratan sulfate II (core 2-linked), degradation product 1
keratan sulfate II (core 2-linked), degradation product 2
keratan sulfate II (core 2-linked), degradation product 3
keratan sulfate II (core 2-linked), degradation product 4
keratan sulfate II (core 2-linked), degradation product 5
keratan sulfate II (core 2-linked), degradation product 6
keratan sulfate II (core 2-linked), degradation product 7
keratan sulfate II (core 2-linked), degradation product 8
keratan sulfate II (core 2-linked), degradation product 9
keratan sulfate II (core 2-linked)
keratan sulfate II (core 4-linked), degradation product 1
keratan sulfate II (core 4-linked), degradation product 2
keratan sulfate II (core 4-linked), degradation product 3
keratan sulfate II (core 4-linked), degradation product 4
keratan sulfate II (core 4-linked)
l2n2m2mn
n2m2mn
n2m2nm
n2m2nmn
pentaglutamyl-folate(DHF)
pentaglutamyl-folate(THF)
plasminogen
prothrombin
sulfatide galactocerebroside
ximenic acid
chondroitin sulfate A (GalNAc4S-GlcA) proteoglycan
MN-01
